Archive member included to satisfy reference by file (symbol)

C:/ST/STM32CubeIDE_1.10.0/STM32CubeIDE/plugins/com.st.stm32cube.ide.mcu.externaltools.gnu-tools-for-stm32.11.3.rel1.win32_1.1.100.202309141235/tools/bin/../lib/gcc/arm-none-eabi/11.3.1/../../../../arm-none-eabi/lib/thumb/v6-m/nofp\libc_nano.a(libc_a-exit.o)
                              C:/ST/STM32CubeIDE_1.10.0/STM32CubeIDE/plugins/com.st.stm32cube.ide.mcu.externaltools.gnu-tools-for-stm32.11.3.rel1.win32_1.1.100.202309141235/tools/bin/../lib/gcc/arm-none-eabi/11.3.1/../../../../arm-none-eabi/lib/thumb/v6-m/nofp/crt0.o (exit)
C:/ST/STM32CubeIDE_1.10.0/STM32CubeIDE/plugins/com.st.stm32cube.ide.mcu.externaltools.gnu-tools-for-stm32.11.3.rel1.win32_1.1.100.202309141235/tools/bin/../lib/gcc/arm-none-eabi/11.3.1/../../../../arm-none-eabi/lib/thumb/v6-m/nofp\libc_nano.a(libc_a-itoa.o)
                              ./Core/Src/menu2.o (itoa)
C:/ST/STM32CubeIDE_1.10.0/STM32CubeIDE/plugins/com.st.stm32cube.ide.mcu.externaltools.gnu-tools-for-stm32.11.3.rel1.win32_1.1.100.202309141235/tools/bin/../lib/gcc/arm-none-eabi/11.3.1/../../../../arm-none-eabi/lib/thumb/v6-m/nofp\libc_nano.a(libc_a-utoa.o)
                              C:/ST/STM32CubeIDE_1.10.0/STM32CubeIDE/plugins/com.st.stm32cube.ide.mcu.externaltools.gnu-tools-for-stm32.11.3.rel1.win32_1.1.100.202309141235/tools/bin/../lib/gcc/arm-none-eabi/11.3.1/../../../../arm-none-eabi/lib/thumb/v6-m/nofp\libc_nano.a(libc_a-itoa.o) (__utoa)
C:/ST/STM32CubeIDE_1.10.0/STM32CubeIDE/plugins/com.st.stm32cube.ide.mcu.externaltools.gnu-tools-for-stm32.11.3.rel1.win32_1.1.100.202309141235/tools/bin/../lib/gcc/arm-none-eabi/11.3.1/../../../../arm-none-eabi/lib/thumb/v6-m/nofp\libc_nano.a(libc_a-findfp.o)
                              C:/ST/STM32CubeIDE_1.10.0/STM32CubeIDE/plugins/com.st.stm32cube.ide.mcu.externaltools.gnu-tools-for-stm32.11.3.rel1.win32_1.1.100.202309141235/tools/bin/../lib/gcc/arm-none-eabi/11.3.1/../../../../arm-none-eabi/lib/thumb/v6-m/nofp\libc_nano.a(libc_a-exit.o) (__stdio_exit_handler)
C:/ST/STM32CubeIDE_1.10.0/STM32CubeIDE/plugins/com.st.stm32cube.ide.mcu.externaltools.gnu-tools-for-stm32.11.3.rel1.win32_1.1.100.202309141235/tools/bin/../lib/gcc/arm-none-eabi/11.3.1/../../../../arm-none-eabi/lib/thumb/v6-m/nofp\libc_nano.a(libc_a-fwalk.o)
                              C:/ST/STM32CubeIDE_1.10.0/STM32CubeIDE/plugins/com.st.stm32cube.ide.mcu.externaltools.gnu-tools-for-stm32.11.3.rel1.win32_1.1.100.202309141235/tools/bin/../lib/gcc/arm-none-eabi/11.3.1/../../../../arm-none-eabi/lib/thumb/v6-m/nofp\libc_nano.a(libc_a-findfp.o) (_fwalk_sglue)
C:/ST/STM32CubeIDE_1.10.0/STM32CubeIDE/plugins/com.st.stm32cube.ide.mcu.externaltools.gnu-tools-for-stm32.11.3.rel1.win32_1.1.100.202309141235/tools/bin/../lib/gcc/arm-none-eabi/11.3.1/../../../../arm-none-eabi/lib/thumb/v6-m/nofp\libc_nano.a(libc_a-stdio.o)
                              C:/ST/STM32CubeIDE_1.10.0/STM32CubeIDE/plugins/com.st.stm32cube.ide.mcu.externaltools.gnu-tools-for-stm32.11.3.rel1.win32_1.1.100.202309141235/tools/bin/../lib/gcc/arm-none-eabi/11.3.1/../../../../arm-none-eabi/lib/thumb/v6-m/nofp\libc_nano.a(libc_a-findfp.o) (__sread)
C:/ST/STM32CubeIDE_1.10.0/STM32CubeIDE/plugins/com.st.stm32cube.ide.mcu.externaltools.gnu-tools-for-stm32.11.3.rel1.win32_1.1.100.202309141235/tools/bin/../lib/gcc/arm-none-eabi/11.3.1/../../../../arm-none-eabi/lib/thumb/v6-m/nofp\libc_nano.a(libc_a-memset.o)
                              C:/ST/STM32CubeIDE_1.10.0/STM32CubeIDE/plugins/com.st.stm32cube.ide.mcu.externaltools.gnu-tools-for-stm32.11.3.rel1.win32_1.1.100.202309141235/tools/bin/../lib/gcc/arm-none-eabi/11.3.1/../../../../arm-none-eabi/lib/thumb/v6-m/nofp/crt0.o (memset)
C:/ST/STM32CubeIDE_1.10.0/STM32CubeIDE/plugins/com.st.stm32cube.ide.mcu.externaltools.gnu-tools-for-stm32.11.3.rel1.win32_1.1.100.202309141235/tools/bin/../lib/gcc/arm-none-eabi/11.3.1/../../../../arm-none-eabi/lib/thumb/v6-m/nofp\libc_nano.a(libc_a-closer.o)
                              C:/ST/STM32CubeIDE_1.10.0/STM32CubeIDE/plugins/com.st.stm32cube.ide.mcu.externaltools.gnu-tools-for-stm32.11.3.rel1.win32_1.1.100.202309141235/tools/bin/../lib/gcc/arm-none-eabi/11.3.1/../../../../arm-none-eabi/lib/thumb/v6-m/nofp\libc_nano.a(libc_a-stdio.o) (_close_r)
C:/ST/STM32CubeIDE_1.10.0/STM32CubeIDE/plugins/com.st.stm32cube.ide.mcu.externaltools.gnu-tools-for-stm32.11.3.rel1.win32_1.1.100.202309141235/tools/bin/../lib/gcc/arm-none-eabi/11.3.1/../../../../arm-none-eabi/lib/thumb/v6-m/nofp\libc_nano.a(libc_a-reent.o)
                              C:/ST/STM32CubeIDE_1.10.0/STM32CubeIDE/plugins/com.st.stm32cube.ide.mcu.externaltools.gnu-tools-for-stm32.11.3.rel1.win32_1.1.100.202309141235/tools/bin/../lib/gcc/arm-none-eabi/11.3.1/../../../../arm-none-eabi/lib/thumb/v6-m/nofp\libc_nano.a(libc_a-closer.o) (errno)
[...]
Memory Configuration

Name             Origin             Length             Attributes
RAM              0x0000000020000000 0x0000000000005000 xrw
FLASH            0x0000000008000000 0x0000000000030000 xr
*default*        0x0000000000000000 0xffffffffffffffff

Linker script and memory map

LOAD C:/ST/STM32CubeIDE_1.10.0/STM32CubeIDE/plugins/com.st.stm32cube.ide.mcu.externaltools.gnu-tools-for-stm32.11.3.rel1.win32_1.1.100.202309141235/tools/bin/../lib/gcc/arm-none-eabi/11.3.1/thumb/v6-m/nofp/crti.o
LOAD C:/ST/STM32CubeIDE_1.10.0/STM32CubeIDE/plugins/com.st.stm32cube.ide.mcu.externaltools.gnu-tools-for-stm32.11.3.rel1.win32_1.1.100.202309141235/tools/bin/../lib/gcc/arm-none-eabi/11.3.1/thumb/v6-m/nofp/crtbegin.o
LOAD C:/ST/STM32CubeIDE_1.10.0/STM32CubeIDE/plugins/com.st.stm32cube.ide.mcu.externaltools.gnu-tools-for-stm32.11.3.rel1.win32_1.1.100.202309141235/tools/bin/../lib/gcc/arm-none-eabi/11.3.1/../../../../arm-none-eabi/lib/thumb/v6-m/nofp/crt0.o
LOAD ./Core/Src/Startup/startup_stm32l073rztx.o
LOAD ./Core/Src/i2c-lcd.o
LOAD ./Core/Src/main.o
LOAD ./Core/Src/menu2.o
LOAD ./Core/Src/motor.o
LOAD ./Core/Src/stepper.o
LOAD ./Core/Src/stm32l0xx_hal_msp.o
LOAD ./Core/Src/stm32l0xx_it.o
LOAD ./Core/Src/syscalls.o
LOAD ./Core/Src/sysmem.o
LOAD ./Core/Src/system_stm32l0xx.o
LOAD ./Drivers/STM32L0xx_HAL_Driver/Src/stm32l0xx_hal.o
LOAD ./Drivers/STM32L0xx_HAL_Driver/Src/stm32l0xx_hal_cortex.o
LOAD ./Drivers/STM32L0xx_HAL_Driver/Src/stm32l0xx_hal_dma.o
LOAD ./Drivers/STM32L0xx_HAL_Driver/Src/stm32l0xx_hal_exti.o
LOAD ./Drivers/STM32L0xx_HAL_Driver/Src/stm32l0xx_hal_flash.o
LOAD ./Drivers/STM32L0xx_HAL_Driver/Src/stm32l0xx_hal_flash_ex.o
LOAD ./Drivers/STM32L0xx_HAL_Driver/Src/stm32l0xx_hal_flash_ramfunc.o
LOAD ./Drivers/STM32L0xx_HAL_Driver/Src/stm32l0xx_hal_gpio.o
LOAD ./Drivers/STM32L0xx_HAL_Driver/Src/stm32l0xx_hal_i2c.o
LOAD ./Drivers/STM32L0xx_HAL_Driver/Src/stm32l0xx_hal_i2c_ex.o
LOAD ./Drivers/STM32L0xx_HAL_Driver/Src/stm32l0xx_hal_pwr.o
LOAD ./Drivers/STM32L0xx_HAL_Driver/Src/stm32l0xx_hal_pwr_ex.o
LOAD ./Drivers/STM32L0xx_HAL_Driver/Src/stm32l0xx_hal_rcc.o
LOAD ./Drivers/STM32L0xx_HAL_Driver/Src/stm32l0xx_hal_rcc_ex.o
LOAD ./Drivers/STM32L0xx_HAL_Driver/Src/stm32l0xx_hal_rtc.o
LOAD ./Drivers/STM32L0xx_HAL_Driver/Src/stm32l0xx_hal_rtc_ex.o
LOAD ./Drivers/STM32L0xx_HAL_Driver/Src/stm32l0xx_hal_tim.o
LOAD ./Drivers/STM32L0xx_HAL_Driver/Src/stm32l0xx_hal_tim_ex.o
LOAD ./Drivers/STM32L0xx_HAL_Driver/Src/stm32l0xx_hal_uart.o
LOAD ./Drivers/STM32L0xx_HAL_Driver/Src/stm32l0xx_hal_uart_ex.o
START GROUP
LOAD C:/ST/STM32CubeIDE_1.10.0/STM32CubeIDE/plugins/com.st.stm32cube.ide.mcu.externaltools.gnu-tools-for-stm32.11.3.rel1.win32_1.1.100.202309141235/tools/bin/../lib/gcc/arm-none-eabi/11.3.1/../../../../arm-none-eabi/lib/thumb/v6-m/nofp\libc_nano.a
LOAD C:/ST/STM32CubeIDE_1.10.0/STM32CubeIDE/plugins/com.st.stm32cube.ide.mcu.externaltools.gnu-tools-for-stm32.11.3.rel1.win32_1.1.100.202309141235/tools/bin/../lib/gcc/arm-none-eabi/11.3.1/../../../../arm-none-eabi/lib/thumb/v6-m/nofp\libm.a
END GROUP
START GROUP
LOAD C:/ST/STM32CubeIDE_1.10.0/STM32CubeIDE/plugins/com.st.stm32cube.ide.mcu.externaltools.gnu-tools-for-stm32.11.3.rel1.win32_1.1.100.202309141235/tools/bin/../lib/gcc/arm-none-eabi/11.3.1/thumb/v6-m/nofp\libgcc.a
LOAD C:/ST/STM32CubeIDE_1.10.0/STM32CubeIDE/plugins/com.st.stm32cube.ide.mcu.externaltools.gnu-tools-for-stm32.11.3.rel1.win32_1.1.100.202309141235/tools/bin/../lib/gcc/arm-none-eabi/11.3.1/../../../../arm-none-eabi/lib/thumb/v6-m/nofp\libc_nano.a
END GROUP
START GROUP
LOAD C:/ST/STM32CubeIDE_1.10.0/STM32CubeIDE/plugins/com.st.stm32cube.ide.mcu.externaltools.gnu-tools-for-stm32.11.3.rel1.win32_1.1.100.202309141235/tools/bin/../lib/gcc/arm-none-eabi/11.3.1/thumb/v6-m/nofp\libgcc.a
LOAD C:/ST/STM32CubeIDE_1.10.0/STM32CubeIDE/plugins/com.st.stm32cube.ide.mcu.externaltools.gnu-tools-for-stm32.11.3.rel1.win32_1.1.100.202309141235/tools/bin/../lib/gcc/arm-none-eabi/11.3.1/../../../../arm-none-eabi/lib/thumb/v6-m/nofp\libc_nano.a
LOAD C:/ST/STM32CubeIDE_1.10.0/STM32CubeIDE/plugins/com.st.stm32cube.ide.mcu.externaltools.gnu-tools-for-stm32.11.3.rel1.win32_1.1.100.202309141235/tools/bin/../lib/gcc/arm-none-eabi/11.3.1/../../../../arm-none-eabi/lib/thumb/v6-m/nofp\libnosys.a
END GROUP
START GROUP
LOAD C:/ST/STM32CubeIDE_1.10.0/STM32CubeIDE/plugins/com.st.stm32cube.ide.mcu.externaltools.gnu-tools-for-stm32.11.3.rel1.win32_1.1.100.202309141235/tools/bin/../lib/gcc/arm-none-eabi/11.3.1/thumb/v6-m/nofp\libgcc.a
LOAD C:/ST/STM32CubeIDE_1.10.0/STM32CubeIDE/plugins/com.st.stm32cube.ide.mcu.externaltools.gnu-tools-for-stm32.11.3.rel1.win32_1.1.100.202309141235/tools/bin/../lib/gcc/arm-none-eabi/11.3.1/../../../../arm-none-eabi/lib/thumb/v6-m/nofp\libc_nano.a
LOAD C:/ST/STM32CubeIDE_1.10.0/STM32CubeIDE/plugins/com.st.stm32cube.ide.mcu.externaltools.gnu-tools-for-stm32.11.3.rel1.win32_1.1.100.202309141235/tools/bin/../lib/gcc/arm-none-eabi/11.3.1/../../../../arm-none-eabi/lib/thumb/v6-m/nofp\libnosys.a
END GROUP
LOAD C:/ST/STM32CubeIDE_1.10.0/STM32CubeIDE/plugins/com.st.stm32cube.ide.mcu.externaltools.gnu-tools-for-stm32.11.3.rel1.win32_1.1.100.202309141235/tools/bin/../lib/gcc/arm-none-eabi/11.3.1/thumb/v6-m/nofp/crtend.o
LOAD C:/ST/STM32CubeIDE_1.10.0/STM32CubeIDE/plugins/com.st.stm32cube.ide.mcu.externaltools.gnu-tools-for-stm32.11.3.rel1.win32_1.1.100.202309141235/tools/bin/../lib/gcc/arm-none-eabi/11.3.1/thumb/v6-m/nofp/crtn.o
                0x0000000020005000                _estack = (ORIGIN (RAM) + LENGTH (RAM))
                0x0000000000000200                _Min_Heap_Size = 0x200
                0x0000000000000400                _Min_Stack_Size = 0x400

.isr_vector     0x0000000008000000       0xc0
                0x0000000008000000                . = ALIGN (0x4)
 *(.isr_vector)
 .isr_vector    0x0000000008000000       0xc0 ./Core/Src/Startup/startup_stm32l073rztx.o
                0x0000000008000000                g_pfnVectors
                0x00000000080000c0                . = ALIGN (0x4)

.text           0x00000000080000c0     0x58a0
                0x00000000080000c0                . = ALIGN (0x4)
 *(.text)
 .text          0x00000000080000c0       0x48 C:/ST/STM32CubeIDE_1.10.0/STM32CubeIDE/plugins/com.st.stm32cube.ide.mcu.externaltools.gnu-tools-for-stm32.11.3.rel1.win32_1.1.100.202309141235/tools/bin/../lib/gcc/arm-none-eabi/11.3.1/thumb/v6-m/nofp/crtbegin.o
 .text          0x0000000008000108      0x114 C:/ST/STM32CubeIDE_1.10.0/STM32CubeIDE/plugins/com.st.stm32cube.ide.mcu.externaltools.gnu-tools-for-stm32.11.3.rel1.win32_1.1.100.202309141235/tools/bin/../lib/gcc/arm-none-eabi/11.3.1/thumb/v6-m/nofp\libgcc.a(_udivsi3.o)
                0x0000000008000108                __aeabi_uidiv
                0x0000000008000108                __udivsi3
                0x0000000008000214                __aeabi_uidivmod
 .text          0x000000000800021c      0x1d4 C:/ST/STM32CubeIDE_1.10.0/STM32CubeIDE/plugins/com.st.stm32cube.ide.mcu.externaltools.gnu-tools-for-stm32.11.3.rel1.win32_1.1.100.202309141235/tools/bin/../lib/gcc/arm-none-eabi/11.3.1/thumb/v6-m/nofp\libgcc.a(_divsi3.o)
                0x000000000800021c                __divsi3
                0x000000000800021c                __aeabi_idiv
                0x00000000080003e8                __aeabi_idivmod
 .text          0x00000000080003f0        0x4 C:/ST/STM32CubeIDE_1.10.0/STM32CubeIDE/plugins/com.st.stm32cube.ide.mcu.externaltools.gnu-tools-for-stm32.11.3.rel1.win32_1.1.100.202309141235/tools/bin/../lib/gcc/arm-none-eabi/11.3.1/thumb/v6-m/nofp\libgcc.a(_dvmd_tls.o)
                0x00000000080003f0                __aeabi_idiv0
                0x00000000080003f0                __aeabi_ldiv0
 .text          0x00000000080003f4       0x74 C:/ST/STM32CubeIDE_1.10.0/STM32CubeIDE/plugins/com.st.stm32cube.ide.mcu.externaltools.gnu-tools-for-stm32.11.3.rel1.win32_1.1.100.202309141235/tools/bin/../lib/gcc/arm-none-eabi/11.3.1/thumb/v6-m/nofp\libgcc.a(_arm_cmpsf2.o)
                0x00000000080003f4                __aeabi_cfrcmple
                0x00000000080003fc                __aeabi_cfcmpeq
                0x00000000080003fc                __aeabi_cfcmple
                0x000000000800040c                __aeabi_fcmpeq
                0x0000000008000418                __aeabi_fcmplt
                0x000000000800042c                __aeabi_fcmple
                0x0000000008000440                __aeabi_fcmpgt
                0x0000000008000454                __aeabi_fcmpge
 .text          0x0000000008000468       0x40 C:/ST/STM32CubeIDE_1.10.0/STM32CubeIDE/plugins/com.st.stm32cube.ide.mcu.externaltools.gnu-tools-for-stm32.11.3.rel1.win32_1.1.100.202309141235/tools/bin/../lib/gcc/arm-none-eabi/11.3.1/thumb/v6-m/nofp\libgcc.a(_aeabi_uldivmod.o)
                0x0000000008000468                __aeabi_uldivmod
 .text          0x00000000080004a8       0x5c C:/ST/STM32CubeIDE_1.10.0/STM32CubeIDE/plugins/com.st.stm32cube.ide.mcu.externaltools.gnu-tools-for-stm32.11.3.rel1.win32_1.1.100.202309141235/tools/bin/../lib/gcc/arm-none-eabi/11.3.1/thumb/v6-m/nofp\libgcc.a(_muldi3.o)
                0x00000000080004a8                __muldi3
                0x00000000080004a8                __aeabi_lmul
 .text          0x0000000008000504      0x198 C:/ST/STM32CubeIDE_1.10.0/STM32CubeIDE/plugins/com.st.stm32cube.ide.mcu.externaltools.gnu-tools-for-stm32.11.3.rel1.win32_1.1.100.202309141235/tools/bin/../lib/gcc/arm-none-eabi/11.3.1/thumb/v6-m/nofp\libgcc.a(_udivmoddi4.o)
                0x0000000008000504                __udivmoddi4
 .text          0x000000000800069c      0x234 C:/ST/STM32CubeIDE_1.10.0/STM32CubeIDE/plugins/com.st.stm32cube.ide.mcu.externaltools.gnu-tools-for-stm32.11.3.rel1.win32_1.1.100.202309141235/tools/bin/../lib/gcc/arm-none-eabi/11.3.1/thumb/v6-m/nofp\libgcc.a(divsf3.o)
                0x000000000800069c                __aeabi_fdiv
 .text          0x00000000080008d0       0x4c C:/ST/STM32CubeIDE_1.10.0/STM32CubeIDE/plugins/com.st.stm32cube.ide.mcu.externaltools.gnu-tools-for-stm32.11.3.rel1.win32_1.1.100.202309141235/tools/bin/../lib/gcc/arm-none-eabi/11.3.1/thumb/v6-m/nofp\libgcc.a(eqsf2.o)
                0x00000000080008d0                __eqsf2
                0x00000000080008d0                __nesf2
 .text          0x000000000800091c       0x8c C:/ST/STM32CubeIDE_1.10.0/STM32CubeIDE/plugins/com.st.stm32cube.ide.mcu.externaltools.gnu-tools-for-stm32.11.3.rel1.win32_1.1.100.202309141235/tools/bin/../lib/gcc/arm-none-eabi/11.3.1/thumb/v6-m/nofp\libgcc.a(gesf2.o)
                0x000000000800091c                __gesf2
                0x000000000800091c                __gtsf2
 .text          0x00000000080009a8       0x88 C:/ST/STM32CubeIDE_1.10.0/STM32CubeIDE/plugins/com.st.stm32cube.ide.mcu.externaltools.gnu-tools-for-stm32.11.3.rel1.win32_1.1.100.202309141235/tools/bin/../lib/gcc/arm-none-eabi/11.3.1/thumb/v6-m/nofp\libgcc.a(lesf2.o)
                0x00000000080009a8                __ltsf2
                0x00000000080009a8                __lesf2
 .text          0x0000000008000a30      0x29c C:/ST/STM32CubeIDE_1.10.0/STM32CubeIDE/plugins/com.st.stm32cube.ide.mcu.externaltools.gnu-tools-for-stm32.11.3.rel1.win32_1.1.100.202309141235/tools/bin/../lib/gcc/arm-none-eabi/11.3.1/thumb/v6-m/nofp\libgcc.a(mulsf3.o)
                0x0000000008000a30                __aeabi_fmul
 .text          0x0000000008000ccc       0x40 C:/ST/STM32CubeIDE_1.10.0/STM32CubeIDE/plugins/com.st.stm32cube.ide.mcu.externaltools.gnu-tools-for-stm32.11.3.rel1.win32_1.1.100.202309141235/tools/bin/../lib/gcc/arm-none-eabi/11.3.1/thumb/v6-m/nofp\libgcc.a(fixsfsi.o)
                0x0000000008000ccc                __aeabi_f2iz
 .text          0x0000000008000d0c       0xa4 C:/ST/STM32CubeIDE_1.10.0/STM32CubeIDE/plugins/com.st.stm32cube.ide.mcu.externaltools.gnu-tools-for-stm32.11.3.rel1.win32_1.1.100.202309141235/tools/bin/../lib/gcc/arm-none-eabi/11.3.1/thumb/v6-m/nofp\libgcc.a(floatsisf.o)
                0x0000000008000d0c                __aeabi_i2f
 .text          0x0000000008000db0      0x5dc C:/ST/STM32CubeIDE_1.10.0/STM32CubeIDE/plugins/com.st.stm32cube.ide.mcu.externaltools.gnu-tools-for-stm32.11.3.rel1.win32_1.1.100.202309141235/tools/bin/../lib/gcc/arm-none-eabi/11.3.1/thumb/v6-m/nofp\libgcc.a(divdf3.o)
                0x0000000008000db0                __aeabi_ddiv
 .text          0x000000000800138c       0x6c C:/ST/STM32CubeIDE_1.10.0/STM32CubeIDE/plugins/com.st.stm32cube.ide.mcu.externaltools.gnu-tools-for-stm32.11.3.rel1.win32_1.1.100.202309141235/tools/bin/../lib/gcc/arm-none-eabi/11.3.1/thumb/v6-m/nofp\libgcc.a(fixdfsi.o)
                0x000000000800138c                __aeabi_d2iz
 .text          0x00000000080013f8       0x60 C:/ST/STM32CubeIDE_1.10.0/STM32CubeIDE/plugins/com.st.stm32cube.ide.mcu.externaltools.gnu-tools-for-stm32.11.3.rel1.win32_1.1.100.202309141235/tools/bin/../lib/gcc/arm-none-eabi/11.3.1/thumb/v6-m/nofp\libgcc.a(floatsidf.o)
                0x00000000080013f8                __aeabi_i2d
 .text          0x0000000008001458       0x90 C:/ST/STM32CubeIDE_1.10.0/STM32CubeIDE/plugins/com.st.stm32cube.ide.mcu.externaltools.gnu-tools-for-stm32.11.3.rel1.win32_1.1.100.202309141235/tools/bin/../lib/gcc/arm-none-eabi/11.3.1/thumb/v6-m/nofp\libgcc.a(extendsfdf2.o)
                0x0000000008001458                __aeabi_f2d
 .text          0x00000000080014e8       0x3c C:/ST/STM32CubeIDE_1.10.0/STM32CubeIDE/plugins/com.st.stm32cube.ide.mcu.externaltools.gnu-tools-for-stm32.11.3.rel1.win32_1.1.100.202309141235/tools/bin/../lib/gcc/arm-none-eabi/11.3.1/thumb/v6-m/nofp\libgcc.a(_clzsi2.o)
                0x00000000080014e8                __clzsi2
 .text          0x0000000008001524       0x18 C:/ST/STM32CubeIDE_1.10.0/STM32CubeIDE/plugins/com.st.stm32cube.ide.mcu.externaltools.gnu-tools-for-stm32.11.3.rel1.win32_1.1.100.202309141235/tools/bin/../lib/gcc/arm-none-eabi/11.3.1/thumb/v6-m/nofp\libgcc.a(_clzdi2.o)
                0x0000000008001524                __clzdi2
 *(.text*)
 .text.Reset_Handler
                0x000000000800153c       0x50 ./Core/Src/Startup/startup_stm32l073rztx.o
                0x000000000800153c                Reset_Handler
 .text.Default_Handler
                0x000000000800158c        0x2 ./Core/Src/Startup/startup_stm32l073rztx.o
                0x000000000800158c                TSC_IRQHandler
                0x000000000800158c                ADC1_COMP_IRQHandler
                0x000000000800158c                PVD_IRQHandler
                0x000000000800158c                I2C1_IRQHandler
                0x000000000800158c                RCC_CRS_IRQHandler
                0x000000000800158c                SPI1_IRQHandler
                0x000000000800158c                TIM6_DAC_IRQHandler
                0x000000000800158c                EXTI2_3_IRQHandler
                0x000000000800158c                I2C2_IRQHandler
                0x000000000800158c                RTC_IRQHandler
                0x000000000800158c                LCD_IRQHandler
                0x000000000800158c                DMA1_Channel4_5_6_7_IRQHandler
                0x000000000800158c                TIM3_IRQHandler
                0x000000000800158c                DMA1_Channel1_IRQHandler
                0x000000000800158c                USART4_5_IRQHandler
                0x000000000800158c                Default_Handler
                0x000000000800158c                TIM22_IRQHandler
                0x000000000800158c                TIM7_IRQHandler
                0x000000000800158c                EXTI0_1_IRQHandler
                0x000000000800158c                USB_IRQHandler
                0x000000000800158c                I2C3_IRQHandler
                0x000000000800158c                SPI2_IRQHandler
                0x000000000800158c                TIM21_IRQHandler
                0x000000000800158c                WWDG_IRQHandler
                0x000000000800158c                TIM2_IRQHandler
                0x000000000800158c                DMA1_Channel2_3_IRQHandler
                0x000000000800158c                USART2_IRQHandler
                0x000000000800158c                FLASH_IRQHandler
                0x000000000800158c                USART1_IRQHandler
                0x000000000800158c                RNG_LPUART1_IRQHandler
                0x000000000800158c                LPTIM1_IRQHandler
 *fill*         0x000000000800158e        0x2 
 .text.lcd_send_cmd
                0x0000000008001590       0x80 ./Core/Src/i2c-lcd.o
                0x0000000008001590                lcd_send_cmd
 .text.lcd_send_data
                0x0000000008001610       0x80 ./Core/Src/i2c-lcd.o
                0x0000000008001610                lcd_send_data
 .text.lcd_clear
                0x0000000008001690       0x34 ./Core/Src/i2c-lcd.o
                0x0000000008001690                lcd_clear
 .text.lcd_put_cur
                0x00000000080016c4       0x3e ./Core/Src/i2c-lcd.o
                0x00000000080016c4                lcd_put_cur
 .text.lcd_init
                0x0000000008001702       0x7c ./Core/Src/i2c-lcd.o
                0x0000000008001702                lcd_init
 .text.lcd_send_string
                0x000000000800177e       0x2a ./Core/Src/i2c-lcd.o
                0x000000000800177e                lcd_send_string
 .text.main     0x00000000080017a8       0x94 ./Core/Src/main.o
                0x00000000080017a8                main
 .text.SystemClock_Config
                0x000000000800183c       0xfc ./Core/Src/main.o
                0x000000000800183c                SystemClock_Config
 .text.MX_I2C1_Init
                0x0000000008001938       0x80 ./Core/Src/main.o
 .text.MX_LPUART1_UART_Init
                0x00000000080019b8       0x5c ./Core/Src/main.o
 .text.MX_USART2_UART_Init
                0x0000000008001a14       0x60 ./Core/Src/main.o
 .text.MX_RTC_Init
                0x0000000008001a74       0xc8 ./Core/Src/main.o
 .text.MX_TIM3_Init
                0x0000000008001b3c       0xb0 ./Core/Src/main.o
 .text.MX_GPIO_Init
                0x0000000008001bec      0x128 ./Core/Src/main.o
 .text.Error_Handler
                0x0000000008001d14        0xa ./Core/Src/main.o
                0x0000000008001d14                Error_Handler
 *fill*         0x0000000008001d1e        0x2 
 .text.menuInit
                0x0000000008001d20       0x48 ./Core/Src/menu2.o
                0x0000000008001d20                menuInit
 .text.displayCur
                0x0000000008001d68       0xe0 ./Core/Src/menu2.o
                0x0000000008001d68                displayCur
 .text.stepInto
                0x0000000008001e48       0x30 ./Core/Src/menu2.o
                0x0000000008001e48                stepInto
 .text.setParameters
                0x0000000008001e78       0x5c ./Core/Src/menu2.o
                0x0000000008001e78                setParameters
 .text.start    0x0000000008001ed4       0x54 ./Core/Src/menu2.o
                0x0000000008001ed4                start
 .text.restart  0x0000000008001f28       0x28 ./Core/Src/menu2.o
                0x0000000008001f28                restart
 .text.lastDisplay
                0x0000000008001f50       0x28 ./Core/Src/menu2.o
                0x0000000008001f50                lastDisplay
 .text.HAL_GPIO_EXTI_Callback
                0x0000000008001f78       0xdc ./Core/Src/menu2.o
                0x0000000008001f78                HAL_GPIO_EXTI_Callback
 .text.calc_steps
                0x0000000008002054       0x54 ./Core/Src/stepper.o
                0x0000000008002054                calc_steps
 .text.set_speed
                0x00000000080020a8       0x64 ./Core/Src/stepper.o
                0x00000000080020a8                set_speed
 .text.stepping
                0x000000000800210c      0x11c ./Core/Src/stepper.o
                0x000000000800210c                stepping
 .text.step_distance
                0x0000000008002228      0x130 ./Core/Src/stepper.o
                0x0000000008002228                step_distance
 .text.HAL_MspInit
                0x0000000008002358       0x28 ./Core/Src/stm32l0xx_hal_msp.o
                0x0000000008002358                HAL_MspInit
 .text.HAL_I2C_MspInit
                0x0000000008002380       0x8c ./Core/Src/stm32l0xx_hal_msp.o
                0x0000000008002380                HAL_I2C_MspInit
 .text.HAL_UART_MspInit
                0x000000000800240c       0xec ./Core/Src/stm32l0xx_hal_msp.o
                0x000000000800240c                HAL_UART_MspInit
 .text.HAL_RTC_MspInit
                0x00000000080024f8       0x30 ./Core/Src/stm32l0xx_hal_msp.o
                0x00000000080024f8                HAL_RTC_MspInit
 .text.HAL_TIM_Base_MspInit
                0x0000000008002528       0x30 ./Core/Src/stm32l0xx_hal_msp.o
                0x0000000008002528                HAL_TIM_Base_MspInit
 .text.NMI_Handler
                0x0000000008002558        0x6 ./Core/Src/stm32l0xx_it.o
                0x0000000008002558                NMI_Handler
 .text.HardFault_Handler
                0x000000000800255e        0x6 ./Core/Src/stm32l0xx_it.o
                0x000000000800255e                HardFault_Handler
 .text.SVC_Handler
                0x0000000008002564        0xa ./Core/Src/stm32l0xx_it.o
                0x0000000008002564                SVC_Handler
 .text.PendSV_Handler
                0x000000000800256e        0xa ./Core/Src/stm32l0xx_it.o
                0x000000000800256e                PendSV_Handler
 .text.SysTick_Handler
                0x0000000008002578        0xe ./Core/Src/stm32l0xx_it.o
                0x0000000008002578                SysTick_Handler
 .text.EXTI4_15_IRQHandler
                0x0000000008002586       0x28 ./Core/Src/stm32l0xx_it.o
                0x0000000008002586                EXTI4_15_IRQHandler
 .text.SystemInit
                0x00000000080025ae        0xa ./Core/Src/system_stm32l0xx.o
                0x00000000080025ae                SystemInit
 .text.HAL_Init
                0x00000000080025b8       0x40 ./Drivers/STM32L0xx_HAL_Driver/Src/stm32l0xx_hal.o
                0x00000000080025b8                HAL_Init
 .text.HAL_InitTick
                0x00000000080025f8       0x68 ./Drivers/STM32L0xx_HAL_Driver/Src/stm32l0xx_hal.o
                0x00000000080025f8                HAL_InitTick
 .text.HAL_IncTick
                0x0000000008002660       0x24 ./Drivers/STM32L0xx_HAL_Driver/Src/stm32l0xx_hal.o
                0x0000000008002660                HAL_IncTick
 .text.HAL_GetTick
                0x0000000008002684       0x14 ./Drivers/STM32L0xx_HAL_Driver/Src/stm32l0xx_hal.o
                0x0000000008002684                HAL_GetTick
 .text.HAL_Delay
                0x0000000008002698       0x48 ./Drivers/STM32L0xx_HAL_Driver/Src/stm32l0xx_hal.o
                0x0000000008002698                HAL_Delay
 .text.__NVIC_EnableIRQ
                0x00000000080026e0       0x34 ./Drivers/STM32L0xx_HAL_Driver/Src/stm32l0xx_hal_cortex.o
 .text.__NVIC_SetPriority
                0x0000000008002714       0xdc ./Drivers/STM32L0xx_HAL_Driver/Src/stm32l0xx_hal_cortex.o
 .text.SysTick_Config
                0x00000000080027f0       0x48 ./Drivers/STM32L0xx_HAL_Driver/Src/stm32l0xx_hal_cortex.o
 .text.HAL_NVIC_SetPriority
                0x0000000008002838       0x2a ./Drivers/STM32L0xx_HAL_Driver/Src/stm32l0xx_hal_cortex.o
                0x0000000008002838                HAL_NVIC_SetPriority
 .text.HAL_NVIC_EnableIRQ
                0x0000000008002862       0x20 ./Drivers/STM32L0xx_HAL_Driver/Src/stm32l0xx_hal_cortex.o
                0x0000000008002862                HAL_NVIC_EnableIRQ
 .text.HAL_SYSTICK_Config
                0x0000000008002882       0x1a ./Drivers/STM32L0xx_HAL_Driver/Src/stm32l0xx_hal_cortex.o
                0x0000000008002882                HAL_SYSTICK_Config
 .text.HAL_GPIO_Init
                0x000000000800289c      0x2fc ./Drivers/STM32L0xx_HAL_Driver/Src/stm32l0xx_hal_gpio.o
                0x000000000800289c                HAL_GPIO_Init
 .text.HAL_GPIO_WritePin
                0x0000000008002b98       0x3a ./Drivers/STM32L0xx_HAL_Driver/Src/stm32l0xx_hal_gpio.o
                0x0000000008002b98                HAL_GPIO_WritePin
 *fill*         0x0000000008002bd2        0x2 
 .text.HAL_GPIO_EXTI_IRQHandler
                0x0000000008002bd4       0x38 ./Drivers/STM32L0xx_HAL_Driver/Src/stm32l0xx_hal_gpio.o
                0x0000000008002bd4                HAL_GPIO_EXTI_IRQHandler
 .text.HAL_I2C_Init
                0x0000000008002c0c      0x12c ./Drivers/STM32L0xx_HAL_Driver/Src/stm32l0xx_hal_i2c.o
                0x0000000008002c0c                HAL_I2C_Init
 .text.HAL_I2C_Master_Transmit
                0x0000000008002d38      0x210 ./Drivers/STM32L0xx_HAL_Driver/Src/stm32l0xx_hal_i2c.o
                0x0000000008002d38                HAL_I2C_Master_Transmit
 .text.I2C_Flush_TXDR
                0x0000000008002f48       0x44 ./Drivers/STM32L0xx_HAL_Driver/Src/stm32l0xx_hal_i2c.o
 .text.I2C_WaitOnFlagUntilTimeout
                0x0000000008002f8c       0x9c ./Drivers/STM32L0xx_HAL_Driver/Src/stm32l0xx_hal_i2c.o
 .text.I2C_WaitOnTXISFlagUntilTimeout
                0x0000000008003028       0x8c ./Drivers/STM32L0xx_HAL_Driver/Src/stm32l0xx_hal_i2c.o
 .text.I2C_WaitOnSTOPFlagUntilTimeout
                0x00000000080030b4       0x86 ./Drivers/STM32L0xx_HAL_Driver/Src/stm32l0xx_hal_i2c.o
 *fill*         0x000000000800313a        0x2 
 .text.I2C_IsErrorOccurred
                0x000000000800313c      0x200 ./Drivers/STM32L0xx_HAL_Driver/Src/stm32l0xx_hal_i2c.o
 .text.I2C_TransferConfig
                0x000000000800333c       0x74 ./Drivers/STM32L0xx_HAL_Driver/Src/stm32l0xx_hal_i2c.o
 .text.HAL_I2CEx_ConfigAnalogFilter
                0x00000000080033b0       0x98 ./Drivers/STM32L0xx_HAL_Driver/Src/stm32l0xx_hal_i2c_ex.o
                0x00000000080033b0                HAL_I2CEx_ConfigAnalogFilter
 .text.HAL_I2CEx_ConfigDigitalFilter
                0x0000000008003448       0x98 ./Drivers/STM32L0xx_HAL_Driver/Src/stm32l0xx_hal_i2c_ex.o
                0x0000000008003448                HAL_I2CEx_ConfigDigitalFilter
 .text.HAL_RCC_OscConfig
                0x00000000080034e0      0x7a8 ./Drivers/STM32L0xx_HAL_Driver/Src/stm32l0xx_hal_rcc.o
                0x00000000080034e0                HAL_RCC_OscConfig
 .text.HAL_RCC_ClockConfig
                0x0000000008003c88      0x290 ./Drivers/STM32L0xx_HAL_Driver/Src/stm32l0xx_hal_rcc.o
                0x0000000008003c88                HAL_RCC_ClockConfig
 .text.HAL_RCC_GetSysClockFreq
                0x0000000008003f18      0x14c ./Drivers/STM32L0xx_HAL_Driver/Src/stm32l0xx_hal_rcc.o
                0x0000000008003f18                HAL_RCC_GetSysClockFreq
 .text.HAL_RCC_GetHCLKFreq
                0x0000000008004064       0x14 ./Drivers/STM32L0xx_HAL_Driver/Src/stm32l0xx_hal_rcc.o
                0x0000000008004064                HAL_RCC_GetHCLKFreq
 .text.HAL_RCC_GetPCLK1Freq
                0x0000000008004078       0x2c ./Drivers/STM32L0xx_HAL_Driver/Src/stm32l0xx_hal_rcc.o
                0x0000000008004078                HAL_RCC_GetPCLK1Freq
 .text.HAL_RCC_GetPCLK2Freq
                0x00000000080040a4       0x2c ./Drivers/STM32L0xx_HAL_Driver/Src/stm32l0xx_hal_rcc.o
                0x00000000080040a4                HAL_RCC_GetPCLK2Freq
 .text.HAL_RCCEx_PeriphCLKConfig
                0x00000000080040d0      0x33c ./Drivers/STM32L0xx_HAL_Driver/Src/stm32l0xx_hal_rcc_ex.o
                0x00000000080040d0                HAL_RCCEx_PeriphCLKConfig
 .text.HAL_RTC_Init
                0x000000000800440c      0x138 ./Drivers/STM32L0xx_HAL_Driver/Src/stm32l0xx_hal_rtc.o
                0x000000000800440c                HAL_RTC_Init
 .text.HAL_RTC_SetTime
                0x0000000008004544      0x154 ./Drivers/STM32L0xx_HAL_Driver/Src/stm32l0xx_hal_rtc.o
                0x0000000008004544                HAL_RTC_SetTime
 .text.HAL_RTC_SetDate
                0x0000000008004698      0x128 ./Drivers/STM32L0xx_HAL_Driver/Src/stm32l0xx_hal_rtc.o
                0x0000000008004698                HAL_RTC_SetDate
 .text.HAL_RTC_WaitForSynchro
                0x00000000080047c0       0x50 ./Drivers/STM32L0xx_HAL_Driver/Src/stm32l0xx_hal_rtc.o
                0x00000000080047c0                HAL_RTC_WaitForSynchro
 .text.RTC_EnterInitMode
                0x0000000008004810       0x88 ./Drivers/STM32L0xx_HAL_Driver/Src/stm32l0xx_hal_rtc.o
                0x0000000008004810                RTC_EnterInitMode
 .text.RTC_ExitInitMode
                0x0000000008004898       0x54 ./Drivers/STM32L0xx_HAL_Driver/Src/stm32l0xx_hal_rtc.o
                0x0000000008004898                RTC_ExitInitMode
 .text.RTC_ByteToBcd2
                0x00000000080048ec       0x42 ./Drivers/STM32L0xx_HAL_Driver/Src/stm32l0xx_hal_rtc.o
                0x00000000080048ec                RTC_ByteToBcd2
 .text.HAL_TIM_Base_Init
                0x000000000800492e       0x80 ./Drivers/STM32L0xx_HAL_Driver/Src/stm32l0xx_hal_tim.o
                0x000000000800492e                HAL_TIM_Base_Init
 *fill*         0x00000000080049ae        0x2 
 .text.HAL_TIM_ConfigClockSource
                0x00000000080049b0      0x1a8 ./Drivers/STM32L0xx_HAL_Driver/Src/stm32l0xx_hal_tim.o
                0x00000000080049b0                HAL_TIM_ConfigClockSource
 .text.TIM_Base_SetConfig
                0x0000000008004b58       0xbc ./Drivers/STM32L0xx_HAL_Driver/Src/stm32l0xx_hal_tim.o
 .text.TIM_TI1_ConfigInputStage
                0x0000000008004c14       0x5c ./Drivers/STM32L0xx_HAL_Driver/Src/stm32l0xx_hal_tim.o
 .text.TIM_TI2_ConfigInputStage
                0x0000000008004c70       0x64 ./Drivers/STM32L0xx_HAL_Driver/Src/stm32l0xx_hal_tim.o
 .text.TIM_ITRx_SetConfig
                0x0000000008004cd4       0x32 ./Drivers/STM32L0xx_HAL_Driver/Src/stm32l0xx_hal_tim.o
 *fill*         0x0000000008004d06        0x2 
 .text.TIM_ETR_SetConfig
                0x0000000008004d08       0x40 ./Drivers/STM32L0xx_HAL_Driver/Src/stm32l0xx_hal_tim.o
 .text.HAL_TIMEx_MasterConfigSynchronization
                0x0000000008004d48       0xbc ./Drivers/STM32L0xx_HAL_Driver/Src/stm32l0xx_hal_tim_ex.o
                0x0000000008004d48                HAL_TIMEx_MasterConfigSynchronization
 .text.HAL_UART_Init
                0x0000000008004e04       0xa8 ./Drivers/STM32L0xx_HAL_Driver/Src/stm32l0xx_hal_uart.o
                0x0000000008004e04                HAL_UART_Init
 .text.UART_SetConfig
                0x0000000008004eac      0x53c ./Drivers/STM32L0xx_HAL_Driver/Src/stm32l0xx_hal_uart.o
                0x0000000008004eac                UART_SetConfig
 .text.UART_AdvFeatureConfig
                0x00000000080053e8      0x168 ./Drivers/STM32L0xx_HAL_Driver/Src/stm32l0xx_hal_uart.o
                0x00000000080053e8                UART_AdvFeatureConfig
 .text.UART_CheckIdleState
                0x0000000008005550      0x150 ./Drivers/STM32L0xx_HAL_Driver/Src/stm32l0xx_hal_uart.o
                0x0000000008005550                UART_CheckIdleState
 .text.UART_WaitOnFlagUntilTimeout
                0x00000000080056a0       0xd2 ./Drivers/STM32L0xx_HAL_Driver/Src/stm32l0xx_hal_uart.o
                0x00000000080056a0                UART_WaitOnFlagUntilTimeout
 *fill*         0x0000000008005772        0x2 
 .text.UART_EndRxTransfer
                0x0000000008005774       0xc8 ./Drivers/STM32L0xx_HAL_Driver/Src/stm32l0xx_hal_uart.o
 .text.__itoa   0x000000000800583c       0x30 C:/ST/STM32CubeIDE_1.10.0/STM32CubeIDE/plugins/com.st.stm32cube.ide.mcu.externaltools.gnu-tools-for-stm32.11.3.rel1.win32_1.1.100.202309141235/tools/bin/../lib/gcc/arm-none-eabi/11.3.1/../../../../arm-none-eabi/lib/thumb/v6-m/nofp\libc_nano.a(libc_a-itoa.o)
                0x000000000800583c                __itoa
 .text.itoa     0x000000000800586c        0x8 C:/ST/STM32CubeIDE_1.10.0/STM32CubeIDE/plugins/com.st.stm32cube.ide.mcu.externaltools.gnu-tools-for-stm32.11.3.rel1.win32_1.1.100.202309141235/tools/bin/../lib/gcc/arm-none-eabi/11.3.1/../../../../arm-none-eabi/lib/thumb/v6-m/nofp\libc_nano.a(libc_a-itoa.o)
                0x000000000800586c                itoa
 .text.__utoa   0x0000000008005874       0x68 C:/ST/STM32CubeIDE_1.10.0/STM32CubeIDE/plugins/com.st.stm32cube.ide.mcu.externaltools.gnu-tools-for-stm32.11.3.rel1.win32_1.1.100.202309141235/tools/bin/../lib/gcc/arm-none-eabi/11.3.1/../../../../arm-none-eabi/lib/thumb/v6-m/nofp\libc_nano.a(libc_a-utoa.o)
                0x0000000008005874                __utoa
 .text.memset   0x00000000080058dc       0x10 C:/ST/STM32CubeIDE_1.10.0/STM32CubeIDE/plugins/com.st.stm32cube.ide.mcu.externaltools.gnu-tools-for-stm32.11.3.rel1.win32_1.1.100.202309141235/tools/bin/../lib/gcc/arm-none-eabi/11.3.1/../../../../arm-none-eabi/lib/thumb/v6-m/nofp\libc_nano.a(libc_a-memset.o)
                0x00000000080058dc                memset
 .text.__libc_init_array
                0x00000000080058ec       0x48 C:/ST/STM32CubeIDE_1.10.0/STM32CubeIDE/plugins/com.st.stm32cube.ide.mcu.externaltools.gnu-tools-for-stm32.11.3.rel1.win32_1.1.100.202309141235/tools/bin/../lib/gcc/arm-none-eabi/11.3.1/../../../../arm-none-eabi/lib/thumb/v6-m/nofp\libc_nano.a(libc_a-init.o)
                0x00000000080058ec                __libc_init_array
 .text.memcpy   0x0000000008005934       0x12 C:/ST/STM32CubeIDE_1.10.0/STM32CubeIDE/plugins/com.st.stm32cube.ide.mcu.externaltools.gnu-tools-for-stm32.11.3.rel1.win32_1.1.100.202309141235/tools/bin/../lib/gcc/arm-none-eabi/11.3.1/../../../../arm-none-eabi/lib/thumb/v6-m/nofp\libc_nano.a(libc_a-memcpy-stub.o)
                0x0000000008005934                memcpy
 *(.glue_7)
 .glue_7        0x0000000008005946        0x0 linker stubs
 *(.glue_7t)
 .glue_7t       0x0000000008005946        0x0 linker stubs
 *(.eh_frame)
 *fill*         0x0000000008005946        0x2 
 .eh_frame      0x0000000008005948        0x0 C:/ST/STM32CubeIDE_1.10.0/STM32CubeIDE/plugins/com.st.stm32cube.ide.mcu.externaltools.gnu-tools-for-stm32.11.3.rel1.win32_1.1.100.202309141235/tools/bin/../lib/gcc/arm-none-eabi/11.3.1/thumb/v6-m/nofp/crtbegin.o
 *(.init)
 .init          0x0000000008005948        0x4 C:/ST/STM32CubeIDE_1.10.0/STM32CubeIDE/plugins/com.st.stm32cube.ide.mcu.externaltools.gnu-tools-for-stm32.11.3.rel1.win32_1.1.100.202309141235/tools/bin/../lib/gcc/arm-none-eabi/11.3.1/thumb/v6-m/nofp/crti.o
                0x0000000008005948                _init
 .init          0x000000000800594c        0x8 C:/ST/STM32CubeIDE_1.10.0/STM32CubeIDE/plugins/com.st.stm32cube.ide.mcu.externaltools.gnu-tools-for-stm32.11.3.rel1.win32_1.1.100.202309141235/tools/bin/../lib/gcc/arm-none-eabi/11.3.1/thumb/v6-m/nofp/crtn.o
 *(.fini)
 .fini          0x0000000008005954        0x4 C:/ST/STM32CubeIDE_1.10.0/STM32CubeIDE/plugins/com.st.stm32cube.ide.mcu.externaltools.gnu-tools-for-stm32.11.3.rel1.win32_1.1.100.202309141235/tools/bin/../lib/gcc/arm-none-eabi/11.3.1/thumb/v6-m/nofp/crti.o
                0x0000000008005954                _fini
 .fini          0x0000000008005958        0x8 C:/ST/STM32CubeIDE_1.10.0/STM32CubeIDE/plugins/com.st.stm32cube.ide.mcu.externaltools.gnu-tools-for-stm32.11.3.rel1.win32_1.1.100.202309141235/tools/bin/../lib/gcc/arm-none-eabi/11.3.1/thumb/v6-m/nofp/crtn.o
                0x0000000008005960                . = ALIGN (0x4)
                0x0000000008005960                _etext = .

.vfp11_veneer   0x0000000008005960        0x0
 .vfp11_veneer  0x0000000008005960        0x0 linker stubs

.v4_bx          0x0000000008005960        0x0
 .v4_bx         0x0000000008005960        0x0 linker stubs

.iplt           0x0000000008005960        0x0
 .iplt          0x0000000008005960        0x0 C:/ST/STM32CubeIDE_1.10.0/STM32CubeIDE/plugins/com.st.stm32cube.ide.mcu.externaltools.gnu-tools-for-stm32.11.3.rel1.win32_1.1.100.202309141235/tools/bin/../lib/gcc/arm-none-eabi/11.3.1/thumb/v6-m/nofp/crtbegin.o

.rodata         0x0000000008005960      0x24c
                0x0000000008005960                . = ALIGN (0x4)
 *(.rodata)
 .rodata        0x0000000008005960       0xe5 ./Core/Src/menu2.o
 *fill*         0x0000000008005a45        0x3 
 .rodata        0x0000000008005a48        0xe ./Core/Src/stepper.o
 *fill*         0x0000000008005a56        0x2 
 .rodata        0x0000000008005a58       0x80 C:/ST/STM32CubeIDE_1.10.0/STM32CubeIDE/plugins/com.st.stm32cube.ide.mcu.externaltools.gnu-tools-for-stm32.11.3.rel1.win32_1.1.100.202309141235/tools/bin/../lib/gcc/arm-none-eabi/11.3.1/thumb/v6-m/nofp\libgcc.a(divsf3.o)
 .rodata        0x0000000008005ad8       0x40 C:/ST/STM32CubeIDE_1.10.0/STM32CubeIDE/plugins/com.st.stm32cube.ide.mcu.externaltools.gnu-tools-for-stm32.11.3.rel1.win32_1.1.100.202309141235/tools/bin/../lib/gcc/arm-none-eabi/11.3.1/thumb/v6-m/nofp\libgcc.a(divdf3.o)
 *(.rodata*)
 .rodata.AHBPrescTable
                0x0000000008005b18       0x10 ./Core/Src/system_stm32l0xx.o
                0x0000000008005b18                AHBPrescTable
 .rodata.APBPrescTable
                0x0000000008005b28        0x8 ./Core/Src/system_stm32l0xx.o
                0x0000000008005b28                APBPrescTable
 .rodata.PLLMulTable
                0x0000000008005b30        0x9 ./Core/Src/system_stm32l0xx.o
                0x0000000008005b30                PLLMulTable
 *fill*         0x0000000008005b39        0x3 
 .rodata.UART_SetConfig
                0x0000000008005b3c       0x48 ./Drivers/STM32L0xx_HAL_Driver/Src/stm32l0xx_hal_uart.o
 .rodata.__utoa.str1.1
                0x0000000008005b84       0x25 C:/ST/STM32CubeIDE_1.10.0/STM32CubeIDE/plugins/com.st.stm32cube.ide.mcu.externaltools.gnu-tools-for-stm32.11.3.rel1.win32_1.1.100.202309141235/tools/bin/../lib/gcc/arm-none-eabi/11.3.1/../../../../arm-none-eabi/lib/thumb/v6-m/nofp\libc_nano.a(libc_a-utoa.o)
                0x0000000008005bac                . = ALIGN (0x4)
 *fill*         0x0000000008005ba9        0x3 

.ARM.extab      0x0000000008005bac        0x0
                0x0000000008005bac                . = ALIGN (0x4)
 *(.ARM.extab* .gnu.linkonce.armextab.*)
                0x0000000008005bac                . = ALIGN (0x4)

.ARM            0x0000000008005bac        0x8
                0x0000000008005bac                . = ALIGN (0x4)
                0x0000000008005bac                __exidx_start = .
 *(.ARM.exidx*)
 .ARM.exidx     0x0000000008005bac        0x8 C:/ST/STM32CubeIDE_1.10.0/STM32CubeIDE/plugins/com.st.stm32cube.ide.mcu.externaltools.gnu-tools-for-stm32.11.3.rel1.win32_1.1.100.202309141235/tools/bin/../lib/gcc/arm-none-eabi/11.3.1/thumb/v6-m/nofp\libgcc.a(_udivmoddi4.o)
                0x0000000008005bb4                __exidx_end = .
                0x0000000008005bb4                . = ALIGN (0x4)

.rel.dyn        0x0000000008005bb4        0x0
 .rel.iplt      0x0000000008005bb4        0x0 C:/ST/STM32CubeIDE_1.10.0/STM32CubeIDE/plugins/com.st.stm32cube.ide.mcu.externaltools.gnu-tools-for-stm32.11.3.rel1.win32_1.1.100.202309141235/tools/bin/../lib/gcc/arm-none-eabi/11.3.1/thumb/v6-m/nofp/crtbegin.o

.preinit_array  0x0000000008005bb4        0x0
                0x0000000008005bb4                . = ALIGN (0x4)
                0x0000000008005bb4                PROVIDE (__preinit_array_start = .)
 *(.preinit_array*)
                0x0000000008005bb4                PROVIDE (__preinit_array_end = .)
                0x0000000008005bb4                . = ALIGN (0x4)

.init_array     0x0000000008005bb4        0x4
                0x0000000008005bb4                . = ALIGN (0x4)
                0x0000000008005bb4                PROVIDE (__init_array_start = .)
 *(SORT_BY_NAME(.init_array.*))
 *(.init_array*)
 .init_array    0x0000000008005bb4        0x4 C:/ST/STM32CubeIDE_1.10.0/STM32CubeIDE/plugins/com.st.stm32cube.ide.mcu.externaltools.gnu-tools-for-stm32.11.3.rel1.win32_1.1.100.202309141235/tools/bin/../lib/gcc/arm-none-eabi/11.3.1/thumb/v6-m/nofp/crtbegin.o
                0x0000000008005bb8                PROVIDE (__init_array_end = .)
                0x0000000008005bb8                . = ALIGN (0x4)

.fini_array     0x0000000008005bb8        0x4
                0x0000000008005bb8                . = ALIGN (0x4)
                [!provide]                        PROVIDE (__fini_array_start = .)
 *(SORT_BY_NAME(.fini_array.*))
 *(.fini_array*)
 .fini_array    0x0000000008005bb8        0x4 C:/ST/STM32CubeIDE_1.10.0/STM32CubeIDE/plugins/com.st.stm32cube.ide.mcu.externaltools.gnu-tools-for-stm32.11.3.rel1.win32_1.1.100.202309141235/tools/bin/../lib/gcc/arm-none-eabi/11.3.1/thumb/v6-m/nofp/crtbegin.o
                [!provide]                        PROVIDE (__fini_array_end = .)
                0x0000000008005bbc                . = ALIGN (0x4)
                0x0000000008005bbc                _sidata = LOADADDR (.data)

.data           0x0000000020000000      0x270 load address 0x0000000008005bbc
                0x0000000020000000                . = ALIGN (0x4)
                0x0000000020000000                _sdata = .
 *(.data)
 *(.data*)
 .data.select   0x0000000020000000       0x20 ./Core/Src/menu2.o
                0x0000000020000000                select
 .data.newM     0x0000000020000020       0x20 ./Core/Src/menu2.o
                0x0000000020000020                newM
 .data.run      0x0000000020000040       0x20 ./Core/Src/menu2.o
                0x0000000020000040                run
 .data.program1
                0x0000000020000060       0x20 ./Core/Src/menu2.o
                0x0000000020000060                program1
 .data.program2
                0x0000000020000080       0x20 ./Core/Src/menu2.o
                0x0000000020000080                program2
 .data.program3
                0x00000000200000a0       0x20 ./Core/Src/menu2.o
                0x00000000200000a0                program3
 .data.program4
                0x00000000200000c0       0x20 ./Core/Src/menu2.o
                0x00000000200000c0                program4
 .data.program5
                0x00000000200000e0       0x20 ./Core/Src/menu2.o
                0x00000000200000e0                program5
 .data.dose1    0x0000000020000100       0x20 ./Core/Src/menu2.o
                0x0000000020000100                dose1
 .data.dose2    0x0000000020000120       0x20 ./Core/Src/menu2.o
                0x0000000020000120                dose2
 .data.dose3    0x0000000020000140       0x20 ./Core/Src/menu2.o
                0x0000000020000140                dose3
 .data.dose4    0x0000000020000160       0x20 ./Core/Src/menu2.o
                0x0000000020000160                dose4
 .data.dose5    0x0000000020000180       0x20 ./Core/Src/menu2.o
                0x0000000020000180                dose5
 .data.velocity1
                0x00000000200001a0       0x20 ./Core/Src/menu2.o
                0x00000000200001a0                velocity1
 .data.velocity2
                0x00000000200001c0       0x20 ./Core/Src/menu2.o
                0x00000000200001c0                velocity2
 .data.velocity3
                0x00000000200001e0       0x20 ./Core/Src/menu2.o
                0x00000000200001e0                velocity3
 .data.velocity4
                0x0000000020000200       0x20 ./Core/Src/menu2.o
                0x0000000020000200                velocity4
 .data.velocity5
                0x0000000020000220       0x20 ./Core/Src/menu2.o
                0x0000000020000220                velocity5
 .data.end      0x0000000020000240       0x20 ./Core/Src/menu2.o
                0x0000000020000240                end
 .data.currentMenu
                0x0000000020000260        0x4 ./Core/Src/menu2.o
                0x0000000020000260                currentMenu
 .data.SystemCoreClock
                0x0000000020000264        0x4 ./Core/Src/system_stm32l0xx.o
                0x0000000020000264                SystemCoreClock
 .data.uwTickPrio
                0x0000000020000268        0x4 ./Drivers/STM32L0xx_HAL_Driver/Src/stm32l0xx_hal.o
                0x0000000020000268                uwTickPrio
 .data.uwTickFreq
                0x000000002000026c        0x1 ./Drivers/STM32L0xx_HAL_Driver/Src/stm32l0xx_hal.o
                0x000000002000026c                uwTickFreq
 *(.RamFunc)
 *(.RamFunc*)
                0x0000000020000270                . = ALIGN (0x4)
 *fill*         0x000000002000026d        0x3 
                0x0000000020000270                _edata = .

.igot.plt       0x0000000020000270        0x0 load address 0x0000000008005e2c
 .igot.plt      0x0000000020000270        0x0 C:/ST/STM32CubeIDE_1.10.0/STM32CubeIDE/plugins/com.st.stm32cube.ide.mcu.externaltools.gnu-tools-for-stm32.11.3.rel1.win32_1.1.100.202309141235/tools/bin/../lib/gcc/arm-none-eabi/11.3.1/thumb/v6-m/nofp/crtbegin.o
                0x0000000020000270                . = ALIGN (0x4)

.bss            0x0000000020000270      0x214 load address 0x0000000008005e2c
                0x0000000020000270                _sbss = .
                0x0000000020000270                __bss_start__ = _sbss
 *(.bss)
 .bss           0x0000000020000270       0x1c C:/ST/STM32CubeIDE_1.10.0/STM32CubeIDE/plugins/com.st.stm32cube.ide.mcu.externaltools.gnu-tools-for-stm32.11.3.rel1.win32_1.1.100.202309141235/tools/bin/../lib/gcc/arm-none-eabi/11.3.1/thumb/v6-m/nofp/crtbegin.o
 *(.bss*)
 .bss.hi2c1     0x000000002000028c       0x54 ./Core/Src/main.o
                0x000000002000028c                hi2c1
 .bss.hlpuart1  0x00000000200002e0       0x88 ./Core/Src/main.o
                0x00000000200002e0                hlpuart1
 .bss.huart2    0x0000000020000368       0x88 ./Core/Src/main.o
                0x0000000020000368                huart2
 .bss.hrtc      0x00000000200003f0       0x24 ./Core/Src/main.o
                0x00000000200003f0                hrtc
 .bss.htim3     0x0000000020000414       0x40 ./Core/Src/main.o
                0x0000000020000414                htim3
 .bss.row       0x0000000020000454        0x4 ./Core/Src/main.o
                0x0000000020000454                row
 .bss.col       0x0000000020000458        0x4 ./Core/Src/main.o
                0x0000000020000458                col
 .bss.GPIO_InitStructPrivate
                0x000000002000045c       0x14 ./Core/Src/menu2.o
                0x000000002000045c                GPIO_InitStructPrivate
 .bss.previousMillis
                0x0000000020000470        0x4 ./Core/Src/menu2.o
                0x0000000020000470                previousMillis
 .bss.currentMillis
                0x0000000020000474        0x4 ./Core/Src/menu2.o
                0x0000000020000474                currentMillis
 .bss.curIndex  0x0000000020000478        0x1 ./Core/Src/menu2.o
                0x0000000020000478                curIndex
 .bss.flag      0x0000000020000479        0x1 ./Core/Src/menu2.o
                0x0000000020000479                flag
 .bss.actionFlag
                0x000000002000047a        0x1 ./Core/Src/menu2.o
                0x000000002000047a                actionFlag
 *fill*         0x000000002000047b        0x1 
 .bss.number    0x000000002000047c        0x1 ./Core/Src/menu2.o
                0x000000002000047c                number
 *fill*         0x000000002000047d        0x3 
 .bss.uwTick    0x0000000020000480        0x4 ./Drivers/STM32L0xx_HAL_Driver/Src/stm32l0xx_hal.o
                0x0000000020000480                uwTick
 *(COMMON)
                0x0000000020000484                . = ALIGN (0x4)
                0x0000000020000484                _ebss = .
                0x0000000020000484                __bss_end__ = _ebss

._user_heap_stack
                0x0000000020000484      0x604 load address 0x0000000008005e2c
                0x0000000020000488                . = ALIGN (0x8)
 *fill*         0x0000000020000484        0x4 
                [!provide]                        PROVIDE (end = .)
                0x0000000020000488                PROVIDE (_end = .)
                0x0000000020000688                . = (. + _Min_Heap_Size)
 *fill*         0x0000000020000488      0x200 
                0x0000000020000a88                . = (. + _Min_Stack_Size)
 *fill*         0x0000000020000688      0x400 
                0x0000000020000a88                . = ALIGN (0x8)

/DISCARD/
 libc.a(*)
 libm.a(*)
 libgcc.a(*)

.ARM.attributes
                0x0000000000000000       0x28
 *(.ARM.attributes)
 .ARM.attributes
                0x0000000000000000       0x1e C:/ST/STM32CubeIDE_1.10.0/STM32CubeIDE/plugins/com.st.stm32cube.ide.mcu.externaltools.gnu-tools-for-stm32.11.3.rel1.win32_1.1.100.202309141235/tools/bin/../lib/gcc/arm-none-eabi/11.3.1/thumb/v6-m/nofp/crti.o
 .ARM.attributes
                0x000000000000001e       0x2c C:/ST/STM32CubeIDE_1.10.0/STM32CubeIDE/plugins/com.st.stm32cube.ide.mcu.externaltools.gnu-tools-for-stm32.11.3.rel1.win32_1.1.100.202309141235/tools/bin/../lib/gcc/arm-none-eabi/11.3.1/thumb/v6-m/nofp/crtbegin.o
 .ARM.attributes
                0x000000000000004a       0x22 ./Core/Src/Startup/startup_stm32l073rztx.o
 .ARM.attributes
                0x000000000000006c       0x2c ./Core/Src/i2c-lcd.o
 .ARM.attributes
                0x0000000000000098       0x2c ./Core/Src/main.o
 .ARM.attributes
                0x00000000000000c4       0x2c ./Core/Src/menu2.o
 .ARM.attributes
                0x00000000000000f0       0x2c ./Core/Src/stepper.o
 .ARM.attributes
                0x000000000000011c       0x2c ./Core/Src/stm32l0xx_hal_msp.o
 .ARM.attributes
                0x0000000000000148       0x2c ./Core/Src/stm32l0xx_it.o
 .ARM.attributes
                0x0000000000000174       0x2c ./Core/Src/system_stm32l0xx.o
 .ARM.attributes
                0x00000000000001a0       0x2c ./Drivers/STM32L0xx_HAL_Driver/Src/stm32l0xx_hal.o
 .ARM.attributes
                0x00000000000001cc       0x2c ./Drivers/STM32L0xx_HAL_Driver/Src/stm32l0xx_hal_cortex.o
 .ARM.attributes
                0x00000000000001f8       0x2c ./Drivers/STM32L0xx_HAL_Driver/Src/stm32l0xx_hal_gpio.o
 .ARM.attributes
                0x0000000000000224       0x2c ./Drivers/STM32L0xx_HAL_Driver/Src/stm32l0xx_hal_i2c.o
 .ARM.attributes
                0x0000000000000250       0x2c ./Drivers/STM32L0xx_HAL_Driver/Src/stm32l0xx_hal_i2c_ex.o
 .ARM.attributes
                0x000000000000027c       0x2c ./Drivers/STM32L0xx_HAL_Driver/Src/stm32l0xx_hal_rcc.o
 .ARM.attributes
                0x00000000000002a8       0x2c ./Drivers/STM32L0xx_HAL_Driver/Src/stm32l0xx_hal_rcc_ex.o
 .ARM.attributes
                0x00000000000002d4       0x2c ./Drivers/STM32L0xx_HAL_Driver/Src/stm32l0xx_hal_rtc.o
 .ARM.attributes
                0x0000000000000300       0x2c ./Drivers/STM32L0xx_HAL_Driver/Src/stm32l0xx_hal_tim.o
 .ARM.attributes
                0x000000000000032c       0x2c ./Drivers/STM32L0xx_HAL_Driver/Src/stm32l0xx_hal_tim_ex.o
 .ARM.attributes
                0x0000000000000358       0x2c ./Drivers/STM32L0xx_HAL_Driver/Src/stm32l0xx_hal_uart.o
 .ARM.attributes
                0x0000000000000384       0x2c C:/ST/STM32CubeIDE_1.10.0/STM32CubeIDE/plugins/com.st.stm32cube.ide.mcu.externaltools.gnu-tools-for-stm32.11.3.rel1.win32_1.1.100.202309141235/tools/bin/../lib/gcc/arm-none-eabi/11.3.1/../../../../arm-none-eabi/lib/thumb/v6-m/nofp\libc_nano.a(libc_a-itoa.o)
 .ARM.attributes
                0x00000000000003b0       0x2c C:/ST/STM32CubeIDE_1.10.0/STM32CubeIDE/plugins/com.st.stm32cube.ide.mcu.externaltools.gnu-tools-for-stm32.11.3.rel1.win32_1.1.100.202309141235/tools/bin/../lib/gcc/arm-none-eabi/11.3.1/../../../../arm-none-eabi/lib/thumb/v6-m/nofp\libc_nano.a(libc_a-utoa.o)
 .ARM.attributes
                0x00000000000003dc       0x2c C:/ST/STM32CubeIDE_1.10.0/STM32CubeIDE/plugins/com.st.stm32cube.ide.mcu.externaltools.gnu-tools-for-stm32.11.3.rel1.win32_1.1.100.202309141235/tools/bin/../lib/gcc/arm-none-eabi/11.3.1/../../../../arm-none-eabi/lib/thumb/v6-m/nofp\libc_nano.a(libc_a-memset.o)
 .ARM.attributes
                0x0000000000000408       0x2c C:/ST/STM32CubeIDE_1.10.0/STM32CubeIDE/plugins/com.st.stm32cube.ide.mcu.externaltools.gnu-tools-for-stm32.11.3.rel1.win32_1.1.100.202309141235/tools/bin/../lib/gcc/arm-none-eabi/11.3.1/../../../../arm-none-eabi/lib/thumb/v6-m/nofp\libc_nano.a(libc_a-init.o)
 .ARM.attributes
                0x0000000000000434       0x2c C:/ST/STM32CubeIDE_1.10.0/STM32CubeIDE/plugins/com.st.stm32cube.ide.mcu.externaltools.gnu-tools-for-stm32.11.3.rel1.win32_1.1.100.202309141235/tools/bin/../lib/gcc/arm-none-eabi/11.3.1/../../../../arm-none-eabi/lib/thumb/v6-m/nofp\libc_nano.a(libc_a-memcpy-stub.o)
 .ARM.attributes
                0x0000000000000460       0x1e C:/ST/STM32CubeIDE_1.10.0/STM32CubeIDE/plugins/com.st.stm32cube.ide.mcu.externaltools.gnu-tools-for-stm32.11.3.rel1.win32_1.1.100.202309141235/tools/bin/../lib/gcc/arm-none-eabi/11.3.1/thumb/v6-m/nofp\libgcc.a(_udivsi3.o)
 .ARM.attributes
                0x000000000000047e       0x1e C:/ST/STM32CubeIDE_1.10.0/STM32CubeIDE/plugins/com.st.stm32cube.ide.mcu.externaltools.gnu-tools-for-stm32.11.3.rel1.win32_1.1.100.202309141235/tools/bin/../lib/gcc/arm-none-eabi/11.3.1/thumb/v6-m/nofp\libgcc.a(_divsi3.o)
 .ARM.attributes
                0x000000000000049c       0x1e C:/ST/STM32CubeIDE_1.10.0/STM32CubeIDE/plugins/com.st.stm32cube.ide.mcu.externaltools.gnu-tools-for-stm32.11.3.rel1.win32_1.1.100.202309141235/tools/bin/../lib/gcc/arm-none-eabi/11.3.1/thumb/v6-m/nofp\libgcc.a(_dvmd_tls.o)
 .ARM.attributes
                0x00000000000004ba       0x1e C:/ST/STM32CubeIDE_1.10.0/STM32CubeIDE/plugins/com.st.stm32cube.ide.mcu.externaltools.gnu-tools-for-stm32.11.3.rel1.win32_1.1.100.202309141235/tools/bin/../lib/gcc/arm-none-eabi/11.3.1/thumb/v6-m/nofp\libgcc.a(_arm_cmpsf2.o)
 .ARM.attributes
                0x00000000000004d8       0x1e C:/ST/STM32CubeIDE_1.10.0/STM32CubeIDE/plugins/com.st.stm32cube.ide.mcu.externaltools.gnu-tools-for-stm32.11.3.rel1.win32_1.1.100.202309141235/tools/bin/../lib/gcc/arm-none-eabi/11.3.1/thumb/v6-m/nofp\libgcc.a(_aeabi_uldivmod.o)
 .ARM.attributes
                0x00000000000004f6       0x2c C:/ST/STM32CubeIDE_1.10.0/STM32CubeIDE/plugins/com.st.stm32cube.ide.mcu.externaltools.gnu-tools-for-stm32.11.3.rel1.win32_1.1.100.202309141235/tools/bin/../lib/gcc/arm-none-eabi/11.3.1/thumb/v6-m/nofp\libgcc.a(_muldi3.o)
 .ARM.attributes
                0x0000000000000522       0x2c C:/ST/STM32CubeIDE_1.10.0/STM32CubeIDE/plugins/com.st.stm32cube.ide.mcu.externaltools.gnu-tools-for-stm32.11.3.rel1.win32_1.1.100.202309141235/tools/bin/../lib/gcc/arm-none-eabi/11.3.1/thumb/v6-m/nofp\libgcc.a(_udivmoddi4.o)
 .ARM.attributes
                0x000000000000054e       0x2c C:/ST/STM32CubeIDE_1.10.0/STM32CubeIDE/plugins/com.st.stm32cube.ide.mcu.externaltools.gnu-tools-for-stm32.11.3.rel1.win32_1.1.100.202309141235/tools/bin/../lib/gcc/arm-none-eabi/11.3.1/thumb/v6-m/nofp\libgcc.a(divsf3.o)
 .ARM.attributes
                0x000000000000057a       0x2c C:/ST/STM32CubeIDE_1.10.0/STM32CubeIDE/plugins/com.st.stm32cube.ide.mcu.externaltools.gnu-tools-for-stm32.11.3.rel1.win32_1.1.100.202309141235/tools/bin/../lib/gcc/arm-none-eabi/11.3.1/thumb/v6-m/nofp\libgcc.a(eqsf2.o)
 .ARM.attributes
                0x00000000000005a6       0x2c C:/ST/STM32CubeIDE_1.10.0/STM32CubeIDE/plugins/com.st.stm32cube.ide.mcu.externaltools.gnu-tools-for-stm32.11.3.rel1.win32_1.1.100.202309141235/tools/bin/../lib/gcc/arm-none-eabi/11.3.1/thumb/v6-m/nofp\libgcc.a(gesf2.o)
 .ARM.attributes
                0x00000000000005d2       0x2c C:/ST/STM32CubeIDE_1.10.0/STM32CubeIDE/plugins/com.st.stm32cube.ide.mcu.externaltools.gnu-tools-for-stm32.11.3.rel1.win32_1.1.100.202309141235/tools/bin/../lib/gcc/arm-none-eabi/11.3.1/thumb/v6-m/nofp\libgcc.a(lesf2.o)
 .ARM.attributes
                0x00000000000005fe       0x2c C:/ST/STM32CubeIDE_1.10.0/STM32CubeIDE/plugins/com.st.stm32cube.ide.mcu.externaltools.gnu-tools-for-stm32.11.3.rel1.win32_1.1.100.202309141235/tools/bin/../lib/gcc/arm-none-eabi/11.3.1/thumb/v6-m/nofp\libgcc.a(mulsf3.o)
 .ARM.attributes
                0x000000000000062a       0x2c C:/ST/STM32CubeIDE_1.10.0/STM32CubeIDE/plugins/com.st.stm32cube.ide.mcu.externaltools.gnu-tools-for-stm32.11.3.rel1.win32_1.1.100.202309141235/tools/bin/../lib/gcc/arm-none-eabi/11.3.1/thumb/v6-m/nofp\libgcc.a(fixsfsi.o)
 .ARM.attributes
                0x0000000000000656       0x2c C:/ST/STM32CubeIDE_1.10.0/STM32CubeIDE/plugins/com.st.stm32cube.ide.mcu.externaltools.gnu-tools-for-stm32.11.3.rel1.win32_1.1.100.202309141235/tools/bin/../lib/gcc/arm-none-eabi/11.3.1/thumb/v6-m/nofp\libgcc.a(floatsisf.o)
 .ARM.attributes
                0x0000000000000682       0x2c C:/ST/STM32CubeIDE_1.10.0/STM32CubeIDE/plugins/com.st.stm32cube.ide.mcu.externaltools.gnu-tools-for-stm32.11.3.rel1.win32_1.1.100.202309141235/tools/bin/../lib/gcc/arm-none-eabi/11.3.1/thumb/v6-m/nofp\libgcc.a(divdf3.o)
 .ARM.attributes
                0x00000000000006ae       0x2c C:/ST/STM32CubeIDE_1.10.0/STM32CubeIDE/plugins/com.st.stm32cube.ide.mcu.externaltools.gnu-tools-for-stm32.11.3.rel1.win32_1.1.100.202309141235/tools/bin/../lib/gcc/arm-none-eabi/11.3.1/thumb/v6-m/nofp\libgcc.a(fixdfsi.o)
 .ARM.attributes
                0x00000000000006da       0x2c C:/ST/STM32CubeIDE_1.10.0/STM32CubeIDE/plugins/com.st.stm32cube.ide.mcu.externaltools.gnu-tools-for-stm32.11.3.rel1.win32_1.1.100.202309141235/tools/bin/../lib/gcc/arm-none-eabi/11.3.1/thumb/v6-m/nofp\libgcc.a(floatsidf.o)
 .ARM.attributes
                0x0000000000000706       0x2c C:/ST/STM32CubeIDE_1.10.0/STM32CubeIDE/plugins/com.st.stm32cube.ide.mcu.externaltools.gnu-tools-for-stm32.11.3.rel1.win32_1.1.100.202309141235/tools/bin/../lib/gcc/arm-none-eabi/11.3.1/thumb/v6-m/nofp\libgcc.a(extendsfdf2.o)
 .ARM.attributes
                0x0000000000000732       0x1e C:/ST/STM32CubeIDE_1.10.0/STM32CubeIDE/plugins/com.st.stm32cube.ide.mcu.externaltools.gnu-tools-for-stm32.11.3.rel1.win32_1.1.100.202309141235/tools/bin/../lib/gcc/arm-none-eabi/11.3.1/thumb/v6-m/nofp\libgcc.a(_clzsi2.o)
 .ARM.attributes
                0x0000000000000750       0x1e C:/ST/STM32CubeIDE_1.10.0/STM32CubeIDE/plugins/com.st.stm32cube.ide.mcu.externaltools.gnu-tools-for-stm32.11.3.rel1.win32_1.1.100.202309141235/tools/bin/../lib/gcc/arm-none-eabi/11.3.1/thumb/v6-m/nofp\libgcc.a(_clzdi2.o)
 .ARM.attributes
                0x000000000000076e       0x1e C:/ST/STM32CubeIDE_1.10.0/STM32CubeIDE/plugins/com.st.stm32cube.ide.mcu.externaltools.gnu-tools-for-stm32.11.3.rel1.win32_1.1.100.202309141235/tools/bin/../lib/gcc/arm-none-eabi/11.3.1/thumb/v6-m/nofp/crtn.o
OUTPUT(pmik2.elf elf32-littlearm)
LOAD linker stubs
LOAD C:/ST/STM32CubeIDE_1.10.0/STM32CubeIDE/plugins/com.st.stm32cube.ide.mcu.externaltools.gnu-tools-for-stm32.11.3.rel1.win32_1.1.100.202309141235/tools/bin/../lib/gcc/arm-none-eabi/11.3.1/../../../../arm-none-eabi/lib/thumb/v6-m/nofp\libc.a
LOAD C:/ST/STM32CubeIDE_1.10.0/STM32CubeIDE/plugins/com.st.stm32cube.ide.mcu.externaltools.gnu-tools-for-stm32.11.3.rel1.win32_1.1.100.202309141235/tools/bin/../lib/gcc/arm-none-eabi/11.3.1/../../../../arm-none-eabi/lib/thumb/v6-m/nofp\libm.a
LOAD C:/ST/STM32CubeIDE_1.10.0/STM32CubeIDE/plugins/com.st.stm32cube.ide.mcu.externaltools.gnu-tools-for-stm32.11.3.rel1.win32_1.1.100.202309141235/tools/bin/../lib/gcc/arm-none-eabi/11.3.1/thumb/v6-m/nofp\libgcc.a

.comment        0x0000000000000000       0x43
 .comment       0x0000000000000000       0x43 C:/ST/STM32CubeIDE_1.10.0/STM32CubeIDE/plugins/com.st.stm32cube.ide.mcu.externaltools.gnu-tools-for-stm32.11.3.rel1.win32_1.1.100.202309141235/tools/bin/../lib/gcc/arm-none-eabi/11.3.1/thumb/v6-m/nofp/crtbegin.o
                                         0x44 (size before relaxing)
 .comment       0x0000000000000043       0x44 ./Core/Src/i2c-lcd.o
 .comment       0x0000000000000043       0x44 ./Core/Src/main.o
 .comment       0x0000000000000043       0x44 ./Core/Src/menu2.o
 .comment       0x0000000000000043       0x44 ./Core/Src/stepper.o
 .comment       0x0000000000000043       0x44 ./Core/Src/stm32l0xx_hal_msp.o
 .comment       0x0000000000000043       0x44 ./Core/Src/stm32l0xx_it.o
 .comment       0x0000000000000043       0x44 ./Core/Src/system_stm32l0xx.o
 .comment       0x0000000000000043       0x44 ./Drivers/STM32L0xx_HAL_Driver/Src/stm32l0xx_hal.o
 .comment       0x0000000000000043       0x44 ./Drivers/STM32L0xx_HAL_Driver/Src/stm32l0xx_hal_cortex.o
 .comment       0x0000000000000043       0x44 ./Drivers/STM32L0xx_HAL_Driver/Src/stm32l0xx_hal_gpio.o
 .comment       0x0000000000000043       0x44 ./Drivers/STM32L0xx_HAL_Driver/Src/stm32l0xx_hal_i2c.o
 .comment       0x0000000000000043       0x44 ./Drivers/STM32L0xx_HAL_Driver/Src/stm32l0xx_hal_i2c_ex.o
 .comment       0x0000000000000043       0x44 ./Drivers/STM32L0xx_HAL_Driver/Src/stm32l0xx_hal_rcc.o
 .comment       0x0000000000000043       0x44 ./Drivers/STM32L0xx_HAL_Driver/Src/stm32l0xx_hal_rcc_ex.o
 .comment       0x0000000000000043       0x44 ./Drivers/STM32L0xx_HAL_Driver/Src/stm32l0xx_hal_rtc.o
 .comment       0x0000000000000043       0x44 ./Drivers/STM32L0xx_HAL_Driver/Src/stm32l0xx_hal_tim.o
 .comment       0x0000000000000043       0x44 ./Drivers/STM32L0xx_HAL_Driver/Src/stm32l0xx_hal_tim_ex.o
 .comment       0x0000000000000043       0x44 ./Drivers/STM32L0xx_HAL_Driver/Src/stm32l0xx_hal_uart.o

.debug_line     0x0000000000000000    0x13fa4
 .debug_line    0x0000000000000000       0x7b ./Core/Src/Startup/startup_stm32l073rztx.o
 .debug_line    0x000000000000007b      0x891 ./Core/Src/i2c-lcd.o
 .debug_line    0x000000000000090c      0xc48 ./Core/Src/main.o
 .debug_line    0x0000000000001554      0xb2f ./Core/Src/menu2.o
 .debug_line    0x0000000000002083      0xa32 ./Core/Src/stepper.o
 .debug_line    0x0000000000002ab5      0x8f3 ./Core/Src/stm32l0xx_hal_msp.o
 .debug_line    0x00000000000033a8      0x834 ./Core/Src/stm32l0xx_it.o
 .debug_line    0x0000000000003bdc      0x866 ./Core/Src/system_stm32l0xx.o
 .debug_line    0x0000000000004442      0xb09 ./Drivers/STM32L0xx_HAL_Driver/Src/stm32l0xx_hal.o
 .debug_line    0x0000000000004f4b      0xbe7 ./Drivers/STM32L0xx_HAL_Driver/Src/stm32l0xx_hal_cortex.o
 .debug_line    0x0000000000005b32      0xbac ./Drivers/STM32L0xx_HAL_Driver/Src/stm32l0xx_hal_gpio.o
 .debug_line    0x00000000000066de     0x3846 ./Drivers/STM32L0xx_HAL_Driver/Src/stm32l0xx_hal_i2c.o
 .debug_line    0x0000000000009f24      0x9d3 ./Drivers/STM32L0xx_HAL_Driver/Src/stm32l0xx_hal_i2c_ex.o
 .debug_line    0x000000000000a8f7      0xf94 ./Drivers/STM32L0xx_HAL_Driver/Src/stm32l0xx_hal_rcc.o
 .debug_line    0x000000000000b88b      0xe9c ./Drivers/STM32L0xx_HAL_Driver/Src/stm32l0xx_hal_rcc_ex.o
 .debug_line    0x000000000000c727     0x118d ./Drivers/STM32L0xx_HAL_Driver/Src/stm32l0xx_hal_rtc.o
 .debug_line    0x000000000000d8b4     0x306f ./Drivers/STM32L0xx_HAL_Driver/Src/stm32l0xx_hal_tim.o
 .debug_line    0x0000000000010923      0x888 ./Drivers/STM32L0xx_HAL_Driver/Src/stm32l0xx_hal_tim_ex.o
 .debug_line    0x00000000000111ab     0x2df9 ./Drivers/STM32L0xx_HAL_Driver/Src/stm32l0xx_hal_uart.o

.debug_line_str
                0x0000000000000000       0x57
 .debug_line_str
                0x0000000000000000       0x57 ./Core/Src/Startup/startup_stm32l073rztx.o
                                         0x6f (size before relaxing)

.debug_info     0x0000000000000000    0x109a7
 .debug_info    0x0000000000000000       0x23 ./Core/Src/Startup/startup_stm32l073rztx.o
 .debug_info    0x0000000000000023      0x788 ./Core/Src/i2c-lcd.o
 .debug_info    0x00000000000007ab     0x1b09 ./Core/Src/main.o
 .debug_info    0x00000000000022b4      0x5aa ./Core/Src/menu2.o
 .debug_info    0x000000000000285e      0x3b4 ./Core/Src/stepper.o
 .debug_info    0x0000000000002c12     0x12aa ./Core/Src/stm32l0xx_hal_msp.o
 .debug_info    0x0000000000003ebc      0x10c ./Core/Src/stm32l0xx_it.o
 .debug_info    0x0000000000003fc8      0x2d0 ./Core/Src/system_stm32l0xx.o
 .debug_info    0x0000000000004298      0x8ac ./Drivers/STM32L0xx_HAL_Driver/Src/stm32l0xx_hal.o
 .debug_info    0x0000000000004b44      0x867 ./Drivers/STM32L0xx_HAL_Driver/Src/stm32l0xx_hal_cortex.o
 .debug_info    0x00000000000053ab      0x617 ./Drivers/STM32L0xx_HAL_Driver/Src/stm32l0xx_hal_gpio.o
 .debug_info    0x00000000000059c2     0x205f ./Drivers/STM32L0xx_HAL_Driver/Src/stm32l0xx_hal_i2c.o
 .debug_info    0x0000000000007a21      0x884 ./Drivers/STM32L0xx_HAL_Driver/Src/stm32l0xx_hal_i2c_ex.o
 .debug_info    0x00000000000082a5      0xa2e ./Drivers/STM32L0xx_HAL_Driver/Src/stm32l0xx_hal_rcc.o
 .debug_info    0x0000000000008cd3      0x7ed ./Drivers/STM32L0xx_HAL_Driver/Src/stm32l0xx_hal_rcc_ex.o
 .debug_info    0x00000000000094c0      0xb55 ./Drivers/STM32L0xx_HAL_Driver/Src/stm32l0xx_hal_rtc.o
 .debug_info    0x000000000000a015     0x27b3 ./Drivers/STM32L0xx_HAL_Driver/Src/stm32l0xx_hal_tim.o
 .debug_info    0x000000000000c7c8      0x6af ./Drivers/STM32L0xx_HAL_Driver/Src/stm32l0xx_hal_tim_ex.o
 .debug_info    0x000000000000ce77     0x3b30 ./Drivers/STM32L0xx_HAL_Driver/Src/stm32l0xx_hal_uart.o

.debug_abbrev   0x0000000000000000     0x2550
 .debug_abbrev  0x0000000000000000       0x12 ./Core/Src/Startup/startup_stm32l073rztx.o
 .debug_abbrev  0x0000000000000012      0x20e ./Core/Src/i2c-lcd.o
 .debug_abbrev  0x0000000000000220      0x350 ./Core/Src/main.o
 .debug_abbrev  0x0000000000000570      0x1d3 ./Core/Src/menu2.o
 .debug_abbrev  0x0000000000000743      0x192 ./Core/Src/stepper.o
 .debug_abbrev  0x00000000000008d5      0x1f5 ./Core/Src/stm32l0xx_hal_msp.o
 .debug_abbrev  0x0000000000000aca       0xa0 ./Core/Src/stm32l0xx_it.o
 .debug_abbrev  0x0000000000000b6a      0x11c ./Core/Src/system_stm32l0xx.o
 .debug_abbrev  0x0000000000000c86      0x2a0 ./Drivers/STM32L0xx_HAL_Driver/Src/stm32l0xx_hal.o
 .debug_abbrev  0x0000000000000f26      0x29b ./Drivers/STM32L0xx_HAL_Driver/Src/stm32l0xx_hal_cortex.o
 .debug_abbrev  0x00000000000011c1      0x1cb ./Drivers/STM32L0xx_HAL_Driver/Src/stm32l0xx_hal_gpio.o
 .debug_abbrev  0x000000000000138c      0x270 ./Drivers/STM32L0xx_HAL_Driver/Src/stm32l0xx_hal_i2c.o
 .debug_abbrev  0x00000000000015fc      0x1b9 ./Drivers/STM32L0xx_HAL_Driver/Src/stm32l0xx_hal_i2c_ex.o
 .debug_abbrev  0x00000000000017b5      0x296 ./Drivers/STM32L0xx_HAL_Driver/Src/stm32l0xx_hal_rcc.o
 .debug_abbrev  0x0000000000001a4b      0x21a ./Drivers/STM32L0xx_HAL_Driver/Src/stm32l0xx_hal_rcc_ex.o
 .debug_abbrev  0x0000000000001c65      0x1ee ./Drivers/STM32L0xx_HAL_Driver/Src/stm32l0xx_hal_rtc.o
 .debug_abbrev  0x0000000000001e53      0x272 ./Drivers/STM32L0xx_HAL_Driver/Src/stm32l0xx_hal_tim.o
 .debug_abbrev  0x00000000000020c5      0x1ab ./Drivers/STM32L0xx_HAL_Driver/Src/stm32l0xx_hal_tim_ex.o
 .debug_abbrev  0x0000000000002270      0x2e0 ./Drivers/STM32L0xx_HAL_Driver/Src/stm32l0xx_hal_uart.o

.debug_aranges  0x0000000000000000      0xfa8
 .debug_aranges
                0x0000000000000000       0x28 ./Core/Src/Startup/startup_stm32l073rztx.o
 .debug_aranges
                0x0000000000000028       0x48 ./Core/Src/i2c-lcd.o
 .debug_aranges
                0x0000000000000070       0x70 ./Core/Src/main.o
 .debug_aranges
                0x00000000000000e0       0x60 ./Core/Src/menu2.o
 .debug_aranges
                0x0000000000000140       0x38 ./Core/Src/stepper.o
 .debug_aranges
                0x0000000000000178       0x60 ./Core/Src/stm32l0xx_hal_msp.o
 .debug_aranges
                0x00000000000001d8       0x48 ./Core/Src/stm32l0xx_it.o
 .debug_aranges
                0x0000000000000220       0x28 ./Core/Src/system_stm32l0xx.o
 .debug_aranges
                0x0000000000000248      0x110 ./Drivers/STM32L0xx_HAL_Driver/Src/stm32l0xx_hal.o
 .debug_aranges
                0x0000000000000358       0xd8 ./Drivers/STM32L0xx_HAL_Driver/Src/stm32l0xx_hal_cortex.o
 .debug_aranges
                0x0000000000000430       0x58 ./Drivers/STM32L0xx_HAL_Driver/Src/stm32l0xx_hal_gpio.o
 .debug_aranges
                0x0000000000000488      0x2a0 ./Drivers/STM32L0xx_HAL_Driver/Src/stm32l0xx_hal_i2c.o
 .debug_aranges
                0x0000000000000728       0x48 ./Drivers/STM32L0xx_HAL_Driver/Src/stm32l0xx_hal_i2c_ex.o
 .debug_aranges
                0x0000000000000770       0x80 ./Drivers/STM32L0xx_HAL_Driver/Src/stm32l0xx_hal_rcc.o
 .debug_aranges
                0x00000000000007f0       0xb0 ./Drivers/STM32L0xx_HAL_Driver/Src/stm32l0xx_hal_rcc_ex.o
 .debug_aranges
                0x00000000000008a0       0xe8 ./Drivers/STM32L0xx_HAL_Driver/Src/stm32l0xx_hal_rtc.o
 .debug_aranges
                0x0000000000000988      0x3d0 ./Drivers/STM32L0xx_HAL_Driver/Src/stm32l0xx_hal_tim.o
 .debug_aranges
                0x0000000000000d58       0x28 ./Drivers/STM32L0xx_HAL_Driver/Src/stm32l0xx_hal_tim_ex.o
 .debug_aranges
                0x0000000000000d80      0x228 ./Drivers/STM32L0xx_HAL_Driver/Src/stm32l0xx_hal_uart.o

.debug_str      0x0000000000000000    0x8bb02
 .debug_str     0x0000000000000000       0x63 ./Core/Src/Startup/startup_stm32l073rztx.o
 .debug_str     0x0000000000000063    0x837f4 ./Core/Src/i2c-lcd.o
                                      0x83b90 (size before relaxing)
 .debug_str     0x0000000000083857     0x490a ./Core/Src/main.o
                                      0x8859c (size before relaxing)
 .debug_str     0x0000000000088161      0x1c2 ./Core/Src/menu2.o
                                      0x86b14 (size before relaxing)
 .debug_str     0x0000000000088323       0x8b ./Core/Src/stepper.o
                                      0x8694d (size before relaxing)
 .debug_str     0x00000000000883ae       0xe5 ./Core/Src/stm32l0xx_hal_msp.o
                                      0x84575 (size before relaxing)
 .debug_str     0x0000000000088493       0xaf ./Core/Src/stm32l0xx_it.o
                                      0x838e2 (size before relaxing)
 .debug_str     0x0000000000088542       0x99 ./Core/Src/system_stm32l0xx.o
                                      0x8372c (size before relaxing)
 .debug_str     0x00000000000885db      0x47d ./Drivers/STM32L0xx_HAL_Driver/Src/stm32l0xx_hal.o
                                      0x83e60 (size before relaxing)
 .debug_str     0x0000000000088a58      0x29a ./Drivers/STM32L0xx_HAL_Driver/Src/stm32l0xx_hal_cortex.o
                                      0x83bb4 (size before relaxing)
 .debug_str     0x0000000000088cf2       0xc0 ./Drivers/STM32L0xx_HAL_Driver/Src/stm32l0xx_hal_gpio.o
                                      0x838cc (size before relaxing)
 .debug_str     0x0000000000088db2      0xdc2 ./Drivers/STM32L0xx_HAL_Driver/Src/stm32l0xx_hal_i2c.o
                                      0x84a3a (size before relaxing)
 .debug_str     0x0000000000089b74       0xb8 ./Drivers/STM32L0xx_HAL_Driver/Src/stm32l0xx_hal_i2c_ex.o
                                      0x83cba (size before relaxing)
 .debug_str     0x0000000000089c2c      0x2ac ./Drivers/STM32L0xx_HAL_Driver/Src/stm32l0xx_hal_rcc.o
                                      0x83c79 (size before relaxing)
 .debug_str     0x0000000000089ed8      0x326 ./Drivers/STM32L0xx_HAL_Driver/Src/stm32l0xx_hal_rcc_ex.o
                                      0x83c2f (size before relaxing)
 .debug_str     0x000000000008a1fe      0x284 ./Drivers/STM32L0xx_HAL_Driver/Src/stm32l0xx_hal_rtc.o
                                      0x83be2 (size before relaxing)
 .debug_str     0x000000000008a482      0xd70 ./Drivers/STM32L0xx_HAL_Driver/Src/stm32l0xx_hal_tim.o
                                      0x849f4 (size before relaxing)
 .debug_str     0x000000000008b1f2       0x51 ./Drivers/STM32L0xx_HAL_Driver/Src/stm32l0xx_hal_tim_ex.o
                                      0x83ba9 (size before relaxing)
 .debug_str     0x000000000008b243      0x8bf ./Drivers/STM32L0xx_HAL_Driver/Src/stm32l0xx_hal_uart.o
                                      0x844ec (size before relaxing)

.debug_rnglists
                0x0000000000000000      0xc41
 .debug_rnglists
                0x0000000000000000       0x19 ./Core/Src/Startup/startup_stm32l073rztx.o
 .debug_rnglists
                0x0000000000000019       0x33 ./Core/Src/i2c-lcd.o
 .debug_rnglists
                0x000000000000004c       0x55 ./Core/Src/main.o
 .debug_rnglists
                0x00000000000000a1       0x46 ./Core/Src/menu2.o
 .debug_rnglists
                0x00000000000000e7       0x27 ./Core/Src/stepper.o
 .debug_rnglists
                0x000000000000010e       0x45 ./Core/Src/stm32l0xx_hal_msp.o
 .debug_rnglists
                0x0000000000000153       0x31 ./Core/Src/stm32l0xx_it.o
 .debug_rnglists
                0x0000000000000184       0x1a ./Core/Src/system_stm32l0xx.o
 .debug_rnglists
                0x000000000000019e       0xc7 ./Drivers/STM32L0xx_HAL_Driver/Src/stm32l0xx_hal.o
 .debug_rnglists
                0x0000000000000265       0x9f ./Drivers/STM32L0xx_HAL_Driver/Src/stm32l0xx_hal_cortex.o
 .debug_rnglists
                0x0000000000000304       0x3f ./Drivers/STM32L0xx_HAL_Driver/Src/stm32l0xx_hal_gpio.o
 .debug_rnglists
                0x0000000000000343      0x229 ./Drivers/STM32L0xx_HAL_Driver/Src/stm32l0xx_hal_i2c.o
 .debug_rnglists
                0x000000000000056c       0x35 ./Drivers/STM32L0xx_HAL_Driver/Src/stm32l0xx_hal_i2c_ex.o
 .debug_rnglists
                0x00000000000005a1       0x61 ./Drivers/STM32L0xx_HAL_Driver/Src/stm32l0xx_hal_rcc.o
 .debug_rnglists
                0x0000000000000602       0x85 ./Drivers/STM32L0xx_HAL_Driver/Src/stm32l0xx_hal_rcc_ex.o
 .debug_rnglists
                0x0000000000000687       0xb5 ./Drivers/STM32L0xx_HAL_Driver/Src/stm32l0xx_hal_rtc.o
 .debug_rnglists
                0x000000000000073c      0x310 ./Drivers/STM32L0xx_HAL_Driver/Src/stm32l0xx_hal_tim.o
 .debug_rnglists
                0x0000000000000a4c       0x1a ./Drivers/STM32L0xx_HAL_Driver/Src/stm32l0xx_hal_tim_ex.o
 .debug_rnglists
                0x0000000000000a66      0x1db ./Drivers/STM32L0xx_HAL_Driver/Src/stm32l0xx_hal_uart.o

.debug_macro    0x0000000000000000    0x16668
 .debug_macro   0x0000000000000000      0x1f1 ./Core/Src/i2c-lcd.o
 .debug_macro   0x00000000000001f1      0xa7e ./Core/Src/i2c-lcd.o
 .debug_macro   0x0000000000000c6f      0x12b ./Core/Src/i2c-lcd.o
 .debug_macro   0x0000000000000d9a       0x2e ./Core/Src/i2c-lcd.o
 .debug_macro   0x0000000000000dc8       0x28 ./Core/Src/i2c-lcd.o
 .debug_macro   0x0000000000000df0       0x22 ./Core/Src/i2c-lcd.o
 .debug_macro   0x0000000000000e12       0x8e ./Core/Src/i2c-lcd.o
 .debug_macro   0x0000000000000ea0       0x51 ./Core/Src/i2c-lcd.o
 .debug_macro   0x0000000000000ef1      0x103 ./Core/Src/i2c-lcd.o
 .debug_macro   0x0000000000000ff4       0x6a ./Core/Src/i2c-lcd.o
 .debug_macro   0x000000000000105e      0x1df ./Core/Src/i2c-lcd.o
 .debug_macro   0x000000000000123d       0x1c ./Core/Src/i2c-lcd.o
 .debug_macro   0x0000000000001259       0x22 ./Core/Src/i2c-lcd.o
 .debug_macro   0x000000000000127b       0xaf ./Core/Src/i2c-lcd.o
 .debug_macro   0x000000000000132a      0x4da ./Core/Src/i2c-lcd.o
 .debug_macro   0x0000000000001804      0x11f ./Core/Src/i2c-lcd.o
 .debug_macro   0x0000000000001923     0xa453 ./Core/Src/i2c-lcd.o
 .debug_macro   0x000000000000bd76       0x66 ./Core/Src/i2c-lcd.o
 .debug_macro   0x000000000000bddc     0x3590 ./Core/Src/i2c-lcd.o
 .debug_macro   0x000000000000f36c      0x174 ./Core/Src/i2c-lcd.o
 .debug_macro   0x000000000000f4e0       0x5c ./Core/Src/i2c-lcd.o
 .debug_macro   0x000000000000f53c      0x8ea ./Core/Src/i2c-lcd.o
 .debug_macro   0x000000000000fe26      0xbb4 ./Core/Src/i2c-lcd.o
 .debug_macro   0x00000000000109da      0x197 ./Core/Src/i2c-lcd.o
 .debug_macro   0x0000000000010b71      0x13f ./Core/Src/i2c-lcd.o
 .debug_macro   0x0000000000010cb0      0x1d1 ./Core/Src/i2c-lcd.o
 .debug_macro   0x0000000000010e81       0x82 ./Core/Src/i2c-lcd.o
 .debug_macro   0x0000000000010f03      0x28e ./Core/Src/i2c-lcd.o
 .debug_macro   0x0000000000011191      0x1e9 ./Core/Src/i2c-lcd.o
 .debug_macro   0x000000000001137a      0x13d ./Core/Src/i2c-lcd.o
 .debug_macro   0x00000000000114b7      0x4ac ./Core/Src/i2c-lcd.o
 .debug_macro   0x0000000000011963      0x22c ./Core/Src/i2c-lcd.o
 .debug_macro   0x0000000000011b8f       0x5b ./Core/Src/i2c-lcd.o
 .debug_macro   0x0000000000011bea       0xa5 ./Core/Src/i2c-lcd.o
 .debug_macro   0x0000000000011c8f      0x186 ./Core/Src/i2c-lcd.o
 .debug_macro   0x0000000000011e15       0x16 ./Core/Src/i2c-lcd.o
 .debug_macro   0x0000000000011e2b      0x321 ./Core/Src/i2c-lcd.o
 .debug_macro   0x000000000001214c      0x420 ./Core/Src/i2c-lcd.o
 .debug_macro   0x000000000001256c       0xf2 ./Core/Src/i2c-lcd.o
 .debug_macro   0x000000000001265e      0x788 ./Core/Src/i2c-lcd.o
 .debug_macro   0x0000000000012de6       0xfc ./Core/Src/i2c-lcd.o
 .debug_macro   0x0000000000012ee2      0x5cf ./Core/Src/i2c-lcd.o
 .debug_macro   0x00000000000134b1       0x44 ./Core/Src/i2c-lcd.o
 .debug_macro   0x00000000000134f5      0x1a2 ./Core/Src/i2c-lcd.o
 .debug_macro   0x0000000000013697      0x356 ./Core/Src/main.o
 .debug_macro   0x00000000000139ed       0x8e ./Core/Src/main.o
 .debug_macro   0x0000000000013a7b       0x61 ./Core/Src/main.o
 .debug_macro   0x0000000000013adc       0x24 ./Core/Src/main.o
 .debug_macro   0x0000000000013b00       0x43 ./Core/Src/main.o
 .debug_macro   0x0000000000013b43       0x34 ./Core/Src/main.o
 .debug_macro   0x0000000000013b77       0x16 ./Core/Src/main.o
 .debug_macro   0x0000000000013b8d       0x35 ./Core/Src/main.o
 .debug_macro   0x0000000000013bc2      0x369 ./Core/Src/main.o
 .debug_macro   0x0000000000013f2b       0x10 ./Core/Src/main.o
 .debug_macro   0x0000000000013f3b       0x16 ./Core/Src/main.o
 .debug_macro   0x0000000000013f51       0x43 ./Core/Src/main.o
 .debug_macro   0x0000000000013f94       0x34 ./Core/Src/main.o
 .debug_macro   0x0000000000013fc8       0x10 ./Core/Src/main.o
 .debug_macro   0x0000000000013fd8       0x58 ./Core/Src/main.o
 .debug_macro   0x0000000000014030       0x8e ./Core/Src/main.o
 .debug_macro   0x00000000000140be       0x1c ./Core/Src/main.o
 .debug_macro   0x00000000000140da      0x177 ./Core/Src/main.o
 .debug_macro   0x0000000000014251       0x16 ./Core/Src/main.o
 .debug_macro   0x0000000000014267       0x16 ./Core/Src/main.o
 .debug_macro   0x000000000001427d      0x147 ./Core/Src/main.o
 .debug_macro   0x00000000000143c4       0x16 ./Core/Src/main.o
 .debug_macro   0x00000000000143da       0x20 ./Core/Src/main.o
 .debug_macro   0x00000000000143fa       0x10 ./Core/Src/main.o
 .debug_macro   0x000000000001440a       0x16 ./Core/Src/main.o
 .debug_macro   0x0000000000014420       0x16 ./Core/Src/main.o
 .debug_macro   0x0000000000014436       0x29 ./Core/Src/main.o
 .debug_macro   0x000000000001445f       0x1c ./Core/Src/main.o
 .debug_macro   0x000000000001447b      0x303 ./Core/Src/menu2.o
 .debug_macro   0x000000000001477e      0x2c6 ./Core/Src/stepper.o
 .debug_macro   0x0000000000014a44      0x1f6 ./Core/Src/stm32l0xx_hal_msp.o
 .debug_macro   0x0000000000014c3a      0x200 ./Core/Src/stm32l0xx_it.o
 .debug_macro   0x0000000000014e3a      0x1e7 ./Core/Src/system_stm32l0xx.o
 .debug_macro   0x0000000000015021      0x20b ./Drivers/STM32L0xx_HAL_Driver/Src/stm32l0xx_hal.o
 .debug_macro   0x000000000001522c      0x1e7 ./Drivers/STM32L0xx_HAL_Driver/Src/stm32l0xx_hal_cortex.o
 .debug_macro   0x0000000000015413      0x1ee ./Drivers/STM32L0xx_HAL_Driver/Src/stm32l0xx_hal_gpio.o
 .debug_macro   0x0000000000015601      0x2b3 ./Drivers/STM32L0xx_HAL_Driver/Src/stm32l0xx_hal_i2c.o
 .debug_macro   0x00000000000158b4      0x1e7 ./Drivers/STM32L0xx_HAL_Driver/Src/stm32l0xx_hal_i2c_ex.o
 .debug_macro   0x0000000000015a9b      0x21d ./Drivers/STM32L0xx_HAL_Driver/Src/stm32l0xx_hal_rcc.o
 .debug_macro   0x0000000000015cb8      0x1e7 ./Drivers/STM32L0xx_HAL_Driver/Src/stm32l0xx_hal_rcc_ex.o
 .debug_macro   0x0000000000015e9f      0x1e8 ./Drivers/STM32L0xx_HAL_Driver/Src/stm32l0xx_hal_rtc.o
 .debug_macro   0x0000000000016087      0x1e8 ./Drivers/STM32L0xx_HAL_Driver/Src/stm32l0xx_hal_tim.o
 .debug_macro   0x000000000001626f      0x1e7 ./Drivers/STM32L0xx_HAL_Driver/Src/stm32l0xx_hal_tim_ex.o
 .debug_macro   0x0000000000016456      0x212 ./Drivers/STM32L0xx_HAL_Driver/Src/stm32l0xx_hal_uart.o

.debug_frame    0x0000000000000000     0x3b64
 .debug_frame   0x0000000000000000       0xcc ./Core/Src/i2c-lcd.o
 .debug_frame   0x00000000000000cc      0x160 ./Core/Src/main.o
 .debug_frame   0x000000000000022c      0x110 ./Core/Src/menu2.o
 .debug_frame   0x000000000000033c       0x90 ./Core/Src/stepper.o
 .debug_frame   0x00000000000003cc      0x12c ./Core/Src/stm32l0xx_hal_msp.o
 .debug_frame   0x00000000000004f8       0xb8 ./Core/Src/stm32l0xx_it.o
 .debug_frame   0x00000000000005b0       0x4c ./Core/Src/system_stm32l0xx.o
 .debug_frame   0x00000000000005fc      0x394 ./Drivers/STM32L0xx_HAL_Driver/Src/stm32l0xx_hal.o
 .debug_frame   0x0000000000000990      0x2fc ./Drivers/STM32L0xx_HAL_Driver/Src/stm32l0xx_hal_cortex.o
 .debug_frame   0x0000000000000c8c      0x110 ./Drivers/STM32L0xx_HAL_Driver/Src/stm32l0xx_hal_gpio.o
 .debug_frame   0x0000000000000d9c      0xa64 ./Drivers/STM32L0xx_HAL_Driver/Src/stm32l0xx_hal_i2c.o
 .debug_frame   0x0000000000001800       0xd0 ./Drivers/STM32L0xx_HAL_Driver/Src/stm32l0xx_hal_i2c_ex.o
 .debug_frame   0x00000000000018d0      0x1a8 ./Drivers/STM32L0xx_HAL_Driver/Src/stm32l0xx_hal_rcc.o
 .debug_frame   0x0000000000001a78      0x244 ./Drivers/STM32L0xx_HAL_Driver/Src/stm32l0xx_hal_rcc_ex.o
 .debug_frame   0x0000000000001cbc      0x360 ./Drivers/STM32L0xx_HAL_Driver/Src/stm32l0xx_hal_rtc.o
 .debug_frame   0x000000000000201c      0xef8 ./Drivers/STM32L0xx_HAL_Driver/Src/stm32l0xx_hal_tim.o
 .debug_frame   0x0000000000002f14       0x50 ./Drivers/STM32L0xx_HAL_Driver/Src/stm32l0xx_hal_tim_ex.o
 .debug_frame   0x0000000000002f64      0x854 ./Drivers/STM32L0xx_HAL_Driver/Src/stm32l0xx_hal_uart.o
 .debug_frame   0x00000000000037b8       0x40 C:/ST/STM32CubeIDE_1.10.0/STM32CubeIDE/plugins/com.st.stm32cube.ide.mcu.externaltools.gnu-tools-for-stm32.11.3.rel1.win32_1.1.100.202309141235/tools/bin/../lib/gcc/arm-none-eabi/11.3.1/../../../../arm-none-eabi/lib/thumb/v6-m/nofp\libc_nano.a(libc_a-itoa.o)
 .debug_frame   0x00000000000037f8       0x48 C:/ST/STM32CubeIDE_1.10.0/STM32CubeIDE/plugins/com.st.stm32cube.ide.mcu.externaltools.gnu-tools-for-stm32.11.3.rel1.win32_1.1.100.202309141235/tools/bin/../lib/gcc/arm-none-eabi/11.3.1/../../../../arm-none-eabi/lib/thumb/v6-m/nofp\libc_nano.a(libc_a-utoa.o)
 .debug_frame   0x0000000000003840       0x20 C:/ST/STM32CubeIDE_1.10.0/STM32CubeIDE/plugins/com.st.stm32cube.ide.mcu.externaltools.gnu-tools-for-stm32.11.3.rel1.win32_1.1.100.202309141235/tools/bin/../lib/gcc/arm-none-eabi/11.3.1/../../../../arm-none-eabi/lib/thumb/v6-m/nofp\libc_nano.a(libc_a-memset.o)
 .debug_frame   0x0000000000003860       0x2c C:/ST/STM32CubeIDE_1.10.0/STM32CubeIDE/plugins/com.st.stm32cube.ide.mcu.externaltools.gnu-tools-for-stm32.11.3.rel1.win32_1.1.100.202309141235/tools/bin/../lib/gcc/arm-none-eabi/11.3.1/../../../../arm-none-eabi/lib/thumb/v6-m/nofp\libc_nano.a(libc_a-init.o)
 .debug_frame   0x000000000000388c       0x28 C:/ST/STM32CubeIDE_1.10.0/STM32CubeIDE/plugins/com.st.stm32cube.ide.mcu.externaltools.gnu-tools-for-stm32.11.3.rel1.win32_1.1.100.202309141235/tools/bin/../lib/gcc/arm-none-eabi/11.3.1/../../../../arm-none-eabi/lib/thumb/v6-m/nofp\libc_nano.a(libc_a-memcpy-stub.o)
 .debug_frame   0x00000000000038b4       0x20 C:/ST/STM32CubeIDE_1.10.0/STM32CubeIDE/plugins/com.st.stm32cube.ide.mcu.externaltools.gnu-tools-for-stm32.11.3.rel1.win32_1.1.100.202309141235/tools/bin/../lib/gcc/arm-none-eabi/11.3.1/thumb/v6-m/nofp\libgcc.a(_udivsi3.o)
 .debug_frame   0x00000000000038d4       0x20 C:/ST/STM32CubeIDE_1.10.0/STM32CubeIDE/plugins/com.st.stm32cube.ide.mcu.externaltools.gnu-tools-for-stm32.11.3.rel1.win32_1.1.100.202309141235/tools/bin/../lib/gcc/arm-none-eabi/11.3.1/thumb/v6-m/nofp\libgcc.a(_divsi3.o)
 .debug_frame   0x00000000000038f4       0x34 C:/ST/STM32CubeIDE_1.10.0/STM32CubeIDE/plugins/com.st.stm32cube.ide.mcu.externaltools.gnu-tools-for-stm32.11.3.rel1.win32_1.1.100.202309141235/tools/bin/../lib/gcc/arm-none-eabi/11.3.1/thumb/v6-m/nofp\libgcc.a(_muldi3.o)
 .debug_frame   0x0000000000003928       0x3c C:/ST/STM32CubeIDE_1.10.0/STM32CubeIDE/plugins/com.st.stm32cube.ide.mcu.externaltools.gnu-tools-for-stm32.11.3.rel1.win32_1.1.100.202309141235/tools/bin/../lib/gcc/arm-none-eabi/11.3.1/thumb/v6-m/nofp\libgcc.a(_udivmoddi4.o)
 .debug_frame   0x0000000000003964       0x38 C:/ST/STM32CubeIDE_1.10.0/STM32CubeIDE/plugins/com.st.stm32cube.ide.mcu.externaltools.gnu-tools-for-stm32.11.3.rel1.win32_1.1.100.202309141235/tools/bin/../lib/gcc/arm-none-eabi/11.3.1/thumb/v6-m/nofp\libgcc.a(divsf3.o)
 .debug_frame   0x000000000000399c       0x2c C:/ST/STM32CubeIDE_1.10.0/STM32CubeIDE/plugins/com.st.stm32cube.ide.mcu.externaltools.gnu-tools-for-stm32.11.3.rel1.win32_1.1.100.202309141235/tools/bin/../lib/gcc/arm-none-eabi/11.3.1/thumb/v6-m/nofp\libgcc.a(eqsf2.o)
 .debug_frame   0x00000000000039c8       0x2c C:/ST/STM32CubeIDE_1.10.0/STM32CubeIDE/plugins/com.st.stm32cube.ide.mcu.externaltools.gnu-tools-for-stm32.11.3.rel1.win32_1.1.100.202309141235/tools/bin/../lib/gcc/arm-none-eabi/11.3.1/thumb/v6-m/nofp\libgcc.a(gesf2.o)
 .debug_frame   0x00000000000039f4       0x2c C:/ST/STM32CubeIDE_1.10.0/STM32CubeIDE/plugins/com.st.stm32cube.ide.mcu.externaltools.gnu-tools-for-stm32.11.3.rel1.win32_1.1.100.202309141235/tools/bin/../lib/gcc/arm-none-eabi/11.3.1/thumb/v6-m/nofp\libgcc.a(lesf2.o)
 .debug_frame   0x0000000000003a20       0x38 C:/ST/STM32CubeIDE_1.10.0/STM32CubeIDE/plugins/com.st.stm32cube.ide.mcu.externaltools.gnu-tools-for-stm32.11.3.rel1.win32_1.1.100.202309141235/tools/bin/../lib/gcc/arm-none-eabi/11.3.1/thumb/v6-m/nofp\libgcc.a(mulsf3.o)
 .debug_frame   0x0000000000003a58       0x20 C:/ST/STM32CubeIDE_1.10.0/STM32CubeIDE/plugins/com.st.stm32cube.ide.mcu.externaltools.gnu-tools-for-stm32.11.3.rel1.win32_1.1.100.202309141235/tools/bin/../lib/gcc/arm-none-eabi/11.3.1/thumb/v6-m/nofp\libgcc.a(fixsfsi.o)
 .debug_frame   0x0000000000003a78       0x2c C:/ST/STM32CubeIDE_1.10.0/STM32CubeIDE/plugins/com.st.stm32cube.ide.mcu.externaltools.gnu-tools-for-stm32.11.3.rel1.win32_1.1.100.202309141235/tools/bin/../lib/gcc/arm-none-eabi/11.3.1/thumb/v6-m/nofp\libgcc.a(floatsisf.o)
 .debug_frame   0x0000000000003aa4       0x3c C:/ST/STM32CubeIDE_1.10.0/STM32CubeIDE/plugins/com.st.stm32cube.ide.mcu.externaltools.gnu-tools-for-stm32.11.3.rel1.win32_1.1.100.202309141235/tools/bin/../lib/gcc/arm-none-eabi/11.3.1/thumb/v6-m/nofp\libgcc.a(divdf3.o)
 .debug_frame   0x0000000000003ae0       0x2c C:/ST/STM32CubeIDE_1.10.0/STM32CubeIDE/plugins/com.st.stm32cube.ide.mcu.externaltools.gnu-tools-for-stm32.11.3.rel1.win32_1.1.100.202309141235/tools/bin/../lib/gcc/arm-none-eabi/11.3.1/thumb/v6-m/nofp\libgcc.a(fixdfsi.o)
 .debug_frame   0x0000000000003b0c       0x2c C:/ST/STM32CubeIDE_1.10.0/STM32CubeIDE/plugins/com.st.stm32cube.ide.mcu.externaltools.gnu-tools-for-stm32.11.3.rel1.win32_1.1.100.202309141235/tools/bin/../lib/gcc/arm-none-eabi/11.3.1/thumb/v6-m/nofp\libgcc.a(floatsidf.o)
 .debug_frame   0x0000000000003b38       0x2c C:/ST/STM32CubeIDE_1.10.0/STM32CubeIDE/plugins/com.st.stm32cube.ide.mcu.externaltools.gnu-tools-for-stm32.11.3.rel1.win32_1.1.100.202309141235/tools/bin/../lib/gcc/arm-none-eabi/11.3.1/thumb/v6-m/nofp\libgcc.a(extendsfdf2.o)
