../Core/Src/main.c:89:6:UART_Transmit	24	static
../Core/Src/main.c:101:5:main	16	static
../Core/Src/main.c:166:6:SystemClock_Config	136	static
../Core/Src/main.c:221:13:MX_I2C1_Init	8	static
../Core/Src/main.c:269:13:MX_LPUART1_UART_Init	8	static
../Core/Src/main.c:303:13:MX_USART2_UART_Init	8	static
../Core/Src/main.c:338:13:MX_RTC_Init	32	static
../Core/Src/main.c:402:13:MX_TIM3_Init	32	static
../Core/Src/main.c:447:13:MX_GPIO_Init	56	static
../Core/Src/main.c:497:6:RTC_ReadDateTime	16	static
../Core/Src/main.c:509:6:Error_Handler	8	static,ignoring_inline_asm
