../Core/Src/stm32l0xx_hal_msp.c:64:6:HAL_MspInit	8	static
../Core/Src/stm32l0xx_hal_msp.c:86:6:HAL_I2C_MspInit	48	static
../Core/Src/stm32l0xx_hal_msp.c:122:6:HAL_I2C_MspDeInit	16	static
../Core/Src/stm32l0xx_hal_msp.c:153:6:HAL_UART_MspInit	56	static
../Core/Src/stm32l0xx_hal_msp.c:213:6:HAL_UART_MspDeInit	16	static
../Core/Src/stm32l0xx_hal_msp.c:260:6:HAL_RTC_MspInit	16	static
../Core/Src/stm32l0xx_hal_msp.c:282:6:HAL_RTC_MspDeInit	16	static
../Core/Src/stm32l0xx_hal_msp.c:304:6:HAL_TIM_Base_MspInit	16	static
../Core/Src/stm32l0xx_hal_msp.c:326:6:HAL_TIM_Base_MspDeInit	16	static
